C:\ST\STM32CubeIDE_1.13.2\STM32CubeIDE\plugins\com.st.stm32cube.ide.mcu.externaltools.gnu-tools-for-stm32.11.3.rel1.win32_1.1.1.202309131626\tools\arm-none-eabi\include\c++\11.3.1\bits\basic_string.tcc:206:7:void std::__cxx11::basic_string<_CharT, _Traits, _Alloc>::_M_construct(_InIterator, _InIterator, std::forward_iterator_tag) [with _FwdIterator = const char*; _CharT = char; _Traits = std::char_traits<char>; _Alloc = std::allocator<char>]	24	static
C:\ST\STM32CubeIDE_1.13.2\STM32CubeIDE\plugins\com.st.stm32cube.ide.mcu.externaltools.gnu-tools-for-stm32.11.3.rel1.win32_1.1.1.202309131626\tools\bin/../lib/gcc/arm-none-eabi/11.3.1/../../../../arm-none-eabi/include/c++/11.3.1/bits/basic_string.h:456:7:std::__cxx11::basic_string<_CharT, _Traits, _Alloc>::basic_string(const std::__cxx11::basic_string<_CharT, _Traits, _Alloc>&) [with _CharT = char; _Traits = std::char_traits<char>; _Alloc = std::allocator<char>]	24	static
../Core/Src/display_ssd1963.cpp:276:10:draw_center_text(uint16_t, uint16_t, uint16_t, uint16_t, const GFXfont*, uint8_t, uint16_t, const string&)::line_content::line_content(draw_center_text(uint16_t, uint16_t, uint16_t, uint16_t, const GFXfont*, uint8_t, uint16_t, const string&)::line_content&&)	16	static
C:\ST\STM32CubeIDE_1.13.2\STM32CubeIDE\plugins\com.st.stm32cube.ide.mcu.externaltools.gnu-tools-for-stm32.11.3.rel1.win32_1.1.1.202309131626\tools\bin/../lib/gcc/arm-none-eabi/11.3.1/../../../../arm-none-eabi/include/c++/11.3.1/bits/vector.tcc:109:7:) [with _Args = {draw_center_text(uint16_t, uint16_t, uint16_t, uint16_t, const GFXfont*, uint8_t, uint16_t, const string&)::line_content}; _Tp = draw_center_text(uint16_t, uint16_t, uint16_t, uint16_t, const GFXfont*, uint8_t, uint16_t, const string&)::line_content; _Alloc = std::allocator<draw_center_text(uint16_t, uint16_t, uint16_t, uint16_t, const GFXfont*, uint8_t, uint16_t, const string&)::line_content>]	32	static
../Core/Src/display_ssd1963.cpp:10:10:uint16_t RGB(uint8_t, uint8_t, uint8_t)	0	static
../Core/Src/display_ssd1963.cpp:14:6:void tft_write_bus(uint8_t, uint8_t)	8	static,ignoring_inline_asm
../Core/Src/display_ssd1963.cpp:22:6:void Lcd_Write_Data(uint16_t)	0	static
../Core/Src/display_ssd1963.cpp:26:6:void Lcd_Write_Cmd(uint16_t)	16	static
../Core/Src/display_ssd1963.cpp:32:6:void Lcd_SetArea(uint16_t, uint16_t, uint16_t, uint16_t)	24	static
../Core/Src/display_ssd1963.cpp:46:6:void Lcd_FillArea(uint16_t, uint16_t, uint16_t, uint16_t, int16_t)	24	static
../Core/Src/display_ssd1963.cpp:56:6:void Lcd_ClearScreen(int16_t)	16	static
../Core/Src/display_ssd1963.cpp:67:6:void Lcd_SetPixel(int16_t, int16_t, int16_t)	8	static
../Core/Src/display_ssd1963.cpp:74:6:void Init_SSD1963()	8	static
../Core/Src/display_ssd1963.cpp:163:6:void TFT_Set_X(uint16_t, uint16_t)	16	static
../Core/Src/display_ssd1963.cpp:172:6:void TFT_Set_Y(uint16_t, uint16_t)	16	static
../Core/Src/display_ssd1963.cpp:181:6:void TFT_Set_XY(uint16_t, uint16_t)	8	static
../Core/Src/display_ssd1963.cpp:186:6:void TFT_Set_Work_Area(uint16_t, uint16_t, uint16_t, uint16_t)	16	static
../Core/Src/display_ssd1963.cpp:193:6:void TFT_Clear_Screen(uint16_t)	16	static
../Core/Src/display_ssd1963.cpp:247:6:void TFT_Draw_VLine(uint16_t, uint16_t, uint16_t, uint16_t, uint16_t)	16	static
../Core/Src/display_ssd1963.cpp:256:6:void TFT_Draw_HLine(uint16_t, uint16_t, uint16_t, uint16_t, uint16_t)	16	static
../Core/Src/display_ssd1963.cpp:328:6:void TFT_Set_Read_Area(uint16_t, uint16_t, uint16_t, uint16_t)	16	static
../Core/Src/display_ssd1963.cpp:348:10:uint16_t lcd_Read_bus()	16	static
../Core/Src/display_ssd1963.cpp:335:6:void lcd_Read_Area(uint16_t, uint16_t, uint16_t, uint16_t, uint16_t*)	24	static
../Core/Src/display_ssd1963.cpp:438:6:void TFT_Restore_Area(uint16_t, uint16_t, uint16_t, uint16_t, uint16_t*)	16	static
../Core/Src/display_ssd1963.cpp:447:6:void TFT_Draw_Bitmap_Without_Background(uint16_t, uint16_t, uint16_t, uint16_t, const uint16_t*)	40	static
../Core/Src/display_ssd1963.cpp:463:6:void TFT_Draw_Bitmap(uint16_t, uint16_t, uint16_t, uint16_t, const uint16_t*)	32	static
../Core/Src/display_ssd1963.cpp:473:6:void TFT_Draw_Rectangle(uint16_t, uint16_t, uint16_t, uint16_t, uint8_t, uint16_t)	40	static
../Core/Src/display_ssd1963.cpp:481:6:void TFT_Draw_Fill_Rectangle(uint16_t, uint16_t, uint16_t, uint16_t, uint16_t)	16	static
../Core/Src/display_ssd1963.cpp:202:6:void TFT_Draw_Char(uint16_t, uint16_t, uint16_t, uint16_t, const uint8_t*, uint8_t, uint8_t)	56	static
../Core/Src/display_ssd1963.cpp:357:6:void TFT_Draw_String(uint16_t, uint16_t, uint16_t, uint16_t, const uint8_t*, char*, uint8_t)	48	static
../Core/Src/display_ssd1963.cpp:218:6:void TFT_Draw_Line(uint16_t, uint16_t, uint16_t, uint16_t, uint8_t, uint16_t)	64	static
../Core/Src/display_ssd1963.cpp:491:6:void TFT_Draw_Triangle(uint16_t, uint16_t, uint16_t, uint16_t, uint16_t, uint16_t, uint8_t, uint16_t)	48	static
../Core/Src/display_ssd1963.cpp:499:6:void TFT_Draw_Circle(uint16_t, uint16_t, uint8_t, uint8_t, uint8_t, uint16_t)	88	static
../Core/Src/display_ssd1963.cpp:530:6:void TFT_Draw_Circle_Helper(int16_t, int16_t, int16_t, uint8_t, uint8_t, uint16_t)	72	static
../Core/Src/display_ssd1963.cpp:566:6:void TFT_Draw_Round_Rect(uint16_t, uint16_t, uint16_t, uint16_t, uint16_t, uint8_t, uint16_t)	64	static
../Core/Src/display_ssd1963.cpp:581:6:void TFT_Draw_Fill_Circle_Helper(int16_t, int16_t, int16_t, uint8_t, int16_t, uint16_t)	80	static
../Core/Src/display_ssd1963.cpp:611:6:void TFT_Draw_Fill_Round_Rect(uint16_t, uint16_t, uint16_t, uint16_t, uint16_t, uint16_t)	56	static
../Core/Src/display_ssd1963.cpp:620:6:void LCD_Char(int16_t, int16_t, const GFXglyph*, const GFXfont*, uint8_t, uint16_t)	72	static
../Core/Src/display_ssd1963.cpp:712:6:void LCD_Row_Font(uint16_t, uint16_t, uint16_t, uint16_t, char*, const GFXfont*, uint8_t, uint32_t)	64	static
../Core/Src/display_ssd1963.cpp:653:6:void LCD_centered_Font(uint16_t, uint16_t, uint16_t, char*, const GFXfont*, uint8_t, uint32_t)	104	static
../Core/Src/display_ssd1963.cpp:371:10:uint16_t TFT_Draw_List(uint16_t, uint16_t, uint16_t, char*, char*, uint16_t*, const GFXfont*)	80	dynamic
../Core/Src/display_ssd1963.cpp:420:6:void TFT_Draw_Alert(uint16_t, uint16_t, char*, uint16_t*, const GFXfont*)	56	static
../Core/Src/display_ssd1963.cpp:731:6:void LCD_Font(uint16_t, uint16_t, char*, const GFXfont*, uint8_t, uint16_t)	56	static
../Core/Src/display_ssd1963.cpp:265:6:void draw_text(uint16_t, uint16_t, uint16_t, const GFXfont*, uint8_t, uint16_t, const string&)	40	static
../Core/Src/display_ssd1963.cpp:745:6:void LCD_FillTriangle(int16_t, int16_t, int16_t, int16_t, int16_t, int16_t, uint16_t)	80	static
../Core/Src/display_ssd1963.cpp:825:10:uint16_t rainbow(uint16_t)	0	static
../Core/Src/display_ssd1963.cpp:859:6:long int map(long int, long int, long int, long int, long int)	8	static
../Core/Src/display_ssd1963.cpp:863:5:int ringMeter(int, int, int, int, int, int, uint16_t)	136	static
../Core/Src/display_ssd1963.cpp:273:6:void draw_center_text(uint16_t, uint16_t, uint16_t, uint16_t, const GFXfont*, uint8_t, uint16_t, const string&)	384	static
../Core/Src/display_ssd1963.cpp:934:1:cpp)	0	static
../Core/Src/display_ssd1963.cpp:934:1:cpp)	0	static
