C:\ST\STM32CubeIDE_1.13.2\STM32CubeIDE\plugins\com.st.stm32cube.ide.mcu.externaltools.gnu-tools-for-stm32.11.3.rel1.win32_1.1.1.202309131626\tools\arm-none-eabi\include\c++\11.3.1\arm-none-eabi\thumb\v7e-m+dp\hard\bits\gthr-default.h:229:1:int __gthread_key_delete(__gthread_key_t)	16	static
../Core/Src/display_ssd1963.cpp:5:10:uint16_t RGB(uint8_t, uint8_t, uint8_t)	16	static
../Core/Src/display_ssd1963.cpp:17:6:void tft_write_bus(uint8_t, uint8_t)	16	static,ignoring_inline_asm
../Core/Src/display_ssd1963.cpp:26:6:void Lcd_Write_Data(uint16_t)	16	static
../Core/Src/display_ssd1963.cpp:31:6:void Lcd_Write_Cmd(uint16_t)	16	static
../Core/Src/display_ssd1963.cpp:38:6:void Lcd_SetArea(uint16_t, uint16_t, uint16_t, uint16_t)	24	static
../Core/Src/display_ssd1963.cpp:55:6:void Lcd_FillArea(uint16_t, uint16_t, uint16_t, uint16_t, int16_t)	32	static
../Core/Src/display_ssd1963.cpp:70:6:void Lcd_ClearScreen(int16_t)	24	static
../Core/Src/display_ssd1963.cpp:84:6:void Lcd_SetPixel(int16_t, int16_t, int16_t)	16	static
../Core/Src/display_ssd1963.cpp:92:6:void Init_SSD1963()	8	static
../Core/Src/display_ssd1963.cpp:182:6:void TFT_Set_X(uint16_t, uint16_t)	16	static
../Core/Src/display_ssd1963.cpp:192:6:void TFT_Set_Y(uint16_t, uint16_t)	16	static
../Core/Src/display_ssd1963.cpp:202:6:void TFT_Set_XY(uint16_t, uint16_t)	16	static
../Core/Src/display_ssd1963.cpp:208:6:void TFT_Set_Work_Area(uint16_t, uint16_t, uint16_t, uint16_t)	24	static
../Core/Src/display_ssd1963.cpp:215:6:void TFT_Clear_Screen(uint16_t)	24	static
../Core/Src/display_ssd1963.cpp:226:6:void TFT_Draw_Char(uint16_t, uint16_t, uint16_t, uint16_t, const uint8_t*, uint8_t, uint8_t)	40	static
../Core/Src/display_ssd1963.cpp:250:6:void TFT_Draw_Line(uint16_t, uint16_t, uint16_t, uint16_t, uint8_t, uint16_t)	56	static
../Core/Src/display_ssd1963.cpp:283:6:void TFT_Draw_VLine(uint16_t, uint16_t, uint16_t, uint16_t, uint16_t)	32	static
../Core/Src/display_ssd1963.cpp:293:6:void TFT_Draw_HLine(uint16_t, uint16_t, uint16_t, uint16_t, uint16_t)	32	static
../Core/Src/display_ssd1963.cpp:303:6:void TFT_Set_Read_Area(uint16_t, uint16_t, uint16_t, uint16_t)	24	static
../Core/Src/display_ssd1963.cpp:310:6:void lcd_Read_Area(uint16_t, uint16_t, uint16_t, uint16_t, uint16_t*)	32	static
../Core/Src/display_ssd1963.cpp:325:10:uint16_t lcd_Read_bus()	16	static
../Core/Src/display_ssd1963.cpp:335:6:void TFT_Draw_String(uint16_t, uint16_t, uint16_t, uint16_t, const uint8_t*, char*, uint8_t)	48	static
../Core/Src/display_ssd1963.cpp:352:10:uint16_t TFT_Draw_List(uint16_t, uint16_t, uint16_t, char*, char*, uint16_t*, const GFXfont*)	112	dynamic
../Core/Src/display_ssd1963.cpp:407:6:void TFT_Draw_Alert(uint16_t, uint16_t, char*, uint16_t*, const GFXfont*)	48	static
../Core/Src/display_ssd1963.cpp:426:6:void TFT_Restore_Area(uint16_t, uint16_t, uint16_t, uint16_t, uint16_t*)	32	static
../Core/Src/display_ssd1963.cpp:437:6:void TFT_Draw_Bitmap_Without_Background(uint16_t, uint16_t, uint16_t, uint16_t, const uint16_t*)	40	static
../Core/Src/display_ssd1963.cpp:457:6:void TFT_Draw_Bitmap(uint16_t, uint16_t, uint16_t, uint16_t, uint16_t*)	32	static
../Core/Src/display_ssd1963.cpp:470:6:void TFT_Draw_Rectangle(uint16_t, uint16_t, uint16_t, uint16_t, uint8_t, uint16_t)	32	static
../Core/Src/display_ssd1963.cpp:479:6:void TFT_Draw_Fill_Rectangle(uint16_t, uint16_t, uint16_t, uint16_t, uint16_t)	32	static
../Core/Src/display_ssd1963.cpp:491:6:void TFT_Draw_Triangle(uint16_t, uint16_t, uint16_t, uint16_t, uint16_t, uint16_t, uint8_t, uint16_t)	32	static
../Core/Src/display_ssd1963.cpp:500:6:void TFT_Draw_Circle(uint16_t, uint16_t, uint8_t, uint8_t, uint8_t, uint16_t)	48	static
../Core/Src/display_ssd1963.cpp:541:6:void TFT_Draw_Circle_Helper(int16_t, int16_t, int16_t, uint8_t, uint8_t, uint16_t)	48	static
../Core/Src/display_ssd1963.cpp:584:6:void TFT_Draw_Round_Rect(uint16_t, uint16_t, uint16_t, uint16_t, uint16_t, uint8_t, uint16_t)	32	static
../Core/Src/display_ssd1963.cpp:600:6:void TFT_Draw_Fill_Circle_Helper(int16_t, int16_t, int16_t, uint8_t, int16_t, uint16_t)	48	static
../Core/Src/display_ssd1963.cpp:635:6:void TFT_Draw_Fill_Round_Rect(uint16_t, uint16_t, uint16_t, uint16_t, uint16_t, uint16_t)	32	static
../Core/Src/display_ssd1963.cpp:645:13:void LCD_Char(int16_t, int16_t, const GFXglyph*, const GFXfont*, uint8_t, uint16_t)	56	static
../Core/Src/display_ssd1963.cpp:687:6:void LCD_centered_Font(uint16_t, uint16_t, uint16_t, char*, const GFXfont*, uint8_t, uint32_t)	88	static
../Core/Src/display_ssd1963.cpp:753:6:void LCD_Row_Font(uint16_t, uint16_t, uint16_t, uint16_t, char*, const GFXfont*, uint8_t, uint32_t)	64	static
../Core/Src/display_ssd1963.cpp:775:6:void LCD_Font(uint16_t, uint16_t, char*, const GFXfont*, uint8_t, uint16_t)	56	static
../Core/Src/display_ssd1963.cpp:792:6:void LCD_FillTriangle(int16_t, int16_t, int16_t, int16_t, int16_t, int16_t, uint16_t)	80	static
../Core/Src/display_ssd1963.cpp:879:10:uint16_t rainbow(uint16_t)	24	static
../Core/Src/display_ssd1963.cpp:918:6:long int map(long int, long int, long int, long int, long int)	24	static
../Core/Src/display_ssd1963.cpp:923:5:int ringMeter(int, int, int, int, int, int, uint16_t)	120	static
../Core/Src/display_ssd1963.cpp:999:1:void __static_initialization_and_destruction_0(int, int)	16	static
../Core/Src/display_ssd1963.cpp:999:1:cpp)	8	static
../Core/Src/display_ssd1963.cpp:999:1:cpp)	8	static
