C:\ST\STM32CubeIDE_1.13.2\STM32CubeIDE\plugins\com.st.stm32cube.ide.mcu.externaltools.gnu-tools-for-stm32.11.3.rel1.win32_1.1.1.202309131626\tools\bin/../lib/gcc/arm-none-eabi/11.3.1/../../../../arm-none-eabi/include/c++/11.3.1/new:174:33:void* operator new(std::size_t, void*)	16	static
C:\ST\STM32CubeIDE_1.13.2\STM32CubeIDE\plugins\com.st.stm32cube.ide.mcu.externaltools.gnu-tools-for-stm32.11.3.rel1.win32_1.1.1.202309131626\tools\arm-none-eabi\include\c++\11.3.1\arm-none-eabi\thumb\v7e-m+dp\hard\bits\gthr-default.h:229:1:int __gthread_key_delete(__gthread_key_t)	16	static
../Core/Src/display_ssd1963.cpp:10:10:uint16_t RGB(uint8_t, uint8_t, uint8_t)	16	static
../Core/Src/display_ssd1963.cpp:14:6:void tft_write_bus(uint8_t, uint8_t)	16	static,ignoring_inline_asm
../Core/Src/display_ssd1963.cpp:22:6:void Lcd_Write_Data(uint16_t)	16	static
../Core/Src/display_ssd1963.cpp:26:6:void Lcd_Write_Cmd(uint16_t)	16	static
../Core/Src/display_ssd1963.cpp:32:6:void Lcd_SetArea(uint16_t, uint16_t, uint16_t, uint16_t)	24	static
../Core/Src/display_ssd1963.cpp:46:6:void Lcd_FillArea(uint16_t, uint16_t, uint16_t, uint16_t, int16_t)	32	static
../Core/Src/display_ssd1963.cpp:56:6:void Lcd_ClearScreen(int16_t)	24	static
../Core/Src/display_ssd1963.cpp:67:6:void Lcd_SetPixel(int16_t, int16_t, int16_t)	16	static
../Core/Src/display_ssd1963.cpp:74:6:void Init_SSD1963()	8	static
../Core/Src/display_ssd1963.cpp:163:6:void TFT_Set_X(uint16_t, uint16_t)	16	static
../Core/Src/display_ssd1963.cpp:172:6:void TFT_Set_Y(uint16_t, uint16_t)	16	static
../Core/Src/display_ssd1963.cpp:181:6:void TFT_Set_XY(uint16_t, uint16_t)	16	static
../Core/Src/display_ssd1963.cpp:186:6:void TFT_Set_Work_Area(uint16_t, uint16_t, uint16_t, uint16_t)	24	static
../Core/Src/display_ssd1963.cpp:193:6:void TFT_Clear_Screen(uint16_t)	24	static
../Core/Src/display_ssd1963.cpp:202:6:void TFT_Draw_Char(uint16_t, uint16_t, uint16_t, uint16_t, const uint8_t*, uint8_t, uint8_t)	40	static
../Core/Src/display_ssd1963.cpp:218:6:void TFT_Draw_Line(uint16_t, uint16_t, uint16_t, uint16_t, uint8_t, uint16_t)	56	static
../Core/Src/display_ssd1963.cpp:247:6:void TFT_Draw_VLine(uint16_t, uint16_t, uint16_t, uint16_t, uint16_t)	32	static
../Core/Src/display_ssd1963.cpp:256:6:void TFT_Draw_HLine(uint16_t, uint16_t, uint16_t, uint16_t, uint16_t)	32	static
../Core/Src/display_ssd1963.cpp:265:6:void draw_text(uint16_t, uint16_t, uint16_t, const GFXfont*, uint8_t, uint16_t, const string&)	40	static
../Core/Src/display_ssd1963.cpp:279:5:draw_center_text(uint16_t, uint16_t, uint16_t, uint16_t, const GFXfont*, uint8_t, uint16_t, const string&)::line_content::line_content(std::string, int)	24	static
C:\ST\STM32CubeIDE_1.13.2\STM32CubeIDE\plugins\com.st.stm32cube.ide.mcu.externaltools.gnu-tools-for-stm32.11.3.rel1.win32_1.1.1.202309131626\tools\bin/../lib/gcc/arm-none-eabi/11.3.1/../../../../arm-none-eabi/include/c++/11.3.1/bits/stl_vector.h:128:14:std::_Vector_base<draw_center_text(uint16_t, uint16_t, uint16_t, uint16_t, const GFXfont*, uint8_t, uint16_t, const string&)::line_content, std::allocator<draw_center_text(uint16_t, uint16_t, uint16_t, uint16_t, const GFXfont*, uint8_t, uint16_t, const string&)::line_content> >::_Vector_impl::~_Vector_impl()	16	static
C:\ST\STM32CubeIDE_1.13.2\STM32CubeIDE\plugins\com.st.stm32cube.ide.mcu.externaltools.gnu-tools-for-stm32.11.3.rel1.win32_1.1.1.202309131626\tools\bin/../lib/gcc/arm-none-eabi/11.3.1/../../../../arm-none-eabi/include/c++/11.3.1/bits/stl_vector.h:288:7:std::_Vector_base<_Tp, _Alloc>::_Vector_base() [with _Tp = draw_center_text(uint16_t, uint16_t, uint16_t, uint16_t, const GFXfont*, uint8_t, uint16_t, const string&)::line_content; _Alloc = std::allocator<draw_center_text(uint16_t, uint16_t, uint16_t, uint16_t, const GFXfont*, uint8_t, uint16_t, const string&)::line_content>]	16	static
C:\ST\STM32CubeIDE_1.13.2\STM32CubeIDE\plugins\com.st.stm32cube.ide.mcu.externaltools.gnu-tools-for-stm32.11.3.rel1.win32_1.1.1.202309131626\tools\bin/../lib/gcc/arm-none-eabi/11.3.1/../../../../arm-none-eabi/include/c++/11.3.1/bits/stl_vector.h:487:7:std::vector<_Tp, _Alloc>::vector() [with _Tp = draw_center_text(uint16_t, uint16_t, uint16_t, uint16_t, const GFXfont*, uint8_t, uint16_t, const string&)::line_content; _Alloc = std::allocator<draw_center_text(uint16_t, uint16_t, uint16_t, uint16_t, const GFXfont*, uint8_t, uint16_t, const string&)::line_content>]	16	static
../Core/Src/display_ssd1963.cpp:276:10:draw_center_text(uint16_t, uint16_t, uint16_t, uint16_t, const GFXfont*, uint8_t, uint16_t, const string&)::line_content::~line_content()	16	static
../Core/Src/display_ssd1963.cpp:276:10:draw_center_text(uint16_t, uint16_t, uint16_t, uint16_t, const GFXfont*, uint8_t, uint16_t, const string&)::line_content::line_content(const draw_center_text(uint16_t, uint16_t, uint16_t, uint16_t, const GFXfont*, uint8_t, uint16_t, const string&)::line_content&)	16	static
../Core/Src/display_ssd1963.cpp:273:6:void draw_center_text(uint16_t, uint16_t, uint16_t, uint16_t, const GFXfont*, uint8_t, uint16_t, const string&)	488	static
../Core/Src/display_ssd1963.cpp:328:6:void TFT_Set_Read_Area(uint16_t, uint16_t, uint16_t, uint16_t)	24	static
../Core/Src/display_ssd1963.cpp:335:6:void lcd_Read_Area(uint16_t, uint16_t, uint16_t, uint16_t, uint16_t*)	32	static
../Core/Src/display_ssd1963.cpp:348:10:uint16_t lcd_Read_bus()	16	static
../Core/Src/display_ssd1963.cpp:357:6:void TFT_Draw_String(uint16_t, uint16_t, uint16_t, uint16_t, const uint8_t*, char*, uint8_t)	40	static
../Core/Src/display_ssd1963.cpp:371:10:uint16_t TFT_Draw_List(uint16_t, uint16_t, uint16_t, char*, char*, uint16_t*, const GFXfont*)	112	dynamic
../Core/Src/display_ssd1963.cpp:420:6:void TFT_Draw_Alert(uint16_t, uint16_t, char*, uint16_t*, const GFXfont*)	48	static
../Core/Src/display_ssd1963.cpp:438:6:void TFT_Restore_Area(uint16_t, uint16_t, uint16_t, uint16_t, uint16_t*)	32	static
../Core/Src/display_ssd1963.cpp:447:6:void TFT_Draw_Bitmap_Without_Background(uint16_t, uint16_t, uint16_t, uint16_t, const uint16_t*)	40	static
../Core/Src/display_ssd1963.cpp:463:6:void TFT_Draw_Bitmap(uint16_t, uint16_t, uint16_t, uint16_t, const uint16_t*)	32	static
../Core/Src/display_ssd1963.cpp:473:6:void TFT_Draw_Rectangle(uint16_t, uint16_t, uint16_t, uint16_t, uint8_t, uint16_t)	32	static
../Core/Src/display_ssd1963.cpp:481:6:void TFT_Draw_Fill_Rectangle(uint16_t, uint16_t, uint16_t, uint16_t, uint16_t)	32	static
../Core/Src/display_ssd1963.cpp:491:6:void TFT_Draw_Triangle(uint16_t, uint16_t, uint16_t, uint16_t, uint16_t, uint16_t, uint8_t, uint16_t)	32	static
../Core/Src/display_ssd1963.cpp:499:6:void TFT_Draw_Circle(uint16_t, uint16_t, uint8_t, uint8_t, uint8_t, uint16_t)	48	static
../Core/Src/display_ssd1963.cpp:530:6:void TFT_Draw_Circle_Helper(int16_t, int16_t, int16_t, uint8_t, uint8_t, uint16_t)	48	static
../Core/Src/display_ssd1963.cpp:566:6:void TFT_Draw_Round_Rect(uint16_t, uint16_t, uint16_t, uint16_t, uint16_t, uint8_t, uint16_t)	32	static
../Core/Src/display_ssd1963.cpp:581:6:void TFT_Draw_Fill_Circle_Helper(int16_t, int16_t, int16_t, uint8_t, int16_t, uint16_t)	48	static
../Core/Src/display_ssd1963.cpp:611:6:void TFT_Draw_Fill_Round_Rect(uint16_t, uint16_t, uint16_t, uint16_t, uint16_t, uint16_t)	32	static
../Core/Src/display_ssd1963.cpp:620:6:void LCD_Char(int16_t, int16_t, const GFXglyph*, const GFXfont*, uint8_t, uint16_t)	56	static
../Core/Src/display_ssd1963.cpp:653:6:void LCD_centered_Font(uint16_t, uint16_t, uint16_t, char*, const GFXfont*, uint8_t, uint32_t)	88	static
../Core/Src/display_ssd1963.cpp:712:6:void LCD_Row_Font(uint16_t, uint16_t, uint16_t, uint16_t, char*, const GFXfont*, uint8_t, uint32_t)	64	static
../Core/Src/display_ssd1963.cpp:731:6:void LCD_Font(uint16_t, uint16_t, char*, const GFXfont*, uint8_t, uint16_t)	56	static
../Core/Src/display_ssd1963.cpp:745:6:void LCD_FillTriangle(int16_t, int16_t, int16_t, int16_t, int16_t, int16_t, uint16_t)	80	static
../Core/Src/display_ssd1963.cpp:825:10:uint16_t rainbow(uint16_t)	24	static
../Core/Src/display_ssd1963.cpp:859:6:long int map(long int, long int, long int, long int, long int)	24	static
../Core/Src/display_ssd1963.cpp:863:5:int ringMeter(int, int, int, int, int, int, uint16_t)	120	static
C:\ST\STM32CubeIDE_1.13.2\STM32CubeIDE\plugins\com.st.stm32cube.ide.mcu.externaltools.gnu-tools-for-stm32.11.3.rel1.win32_1.1.1.202309131626\tools\bin/../lib/gcc/arm-none-eabi/11.3.1/../../../../arm-none-eabi/include/c++/11.3.1/bits/stl_vector.h:131:2:std::_Vector_base<_Tp, _Alloc>::_Vector_impl::_Vector_impl() [with _Tp = draw_center_text(uint16_t, uint16_t, uint16_t, uint16_t, const GFXfont*, uint8_t, uint16_t, const string&)::line_content; _Alloc = std::allocator<draw_center_text(uint16_t, uint16_t, uint16_t, uint16_t, const GFXfont*, uint8_t, uint16_t, const string&)::line_content>]	16	static
C:\ST\STM32CubeIDE_1.13.2\STM32CubeIDE\plugins\com.st.stm32cube.ide.mcu.externaltools.gnu-tools-for-stm32.11.3.rel1.win32_1.1.1.202309131626\tools\bin/../lib/gcc/arm-none-eabi/11.3.1/../../../../arm-none-eabi/include/c++/11.3.1/bits/allocator.h:174:7:std::allocator< <template-parameter-1-1> >::~allocator() [with _Tp = draw_center_text(uint16_t, uint16_t, uint16_t, uint16_t, const GFXfont*, uint8_t, uint16_t, const string&)::line_content]	16	static
C:\ST\STM32CubeIDE_1.13.2\STM32CubeIDE\plugins\com.st.stm32cube.ide.mcu.externaltools.gnu-tools-for-stm32.11.3.rel1.win32_1.1.1.202309131626\tools\bin/../lib/gcc/arm-none-eabi/11.3.1/../../../../arm-none-eabi/include/c++/11.3.1/bits/stl_vector.h:333:7:std::_Vector_base<_Tp, _Alloc>::~_Vector_base() [with _Tp = draw_center_text(uint16_t, uint16_t, uint16_t, uint16_t, const GFXfont*, uint8_t, uint16_t, const string&)::line_content; _Alloc = std::allocator<draw_center_text(uint16_t, uint16_t, uint16_t, uint16_t, const GFXfont*, uint8_t, uint16_t, const string&)::line_content>]	16	static
C:\ST\STM32CubeIDE_1.13.2\STM32CubeIDE\plugins\com.st.stm32cube.ide.mcu.externaltools.gnu-tools-for-stm32.11.3.rel1.win32_1.1.1.202309131626\tools\bin/../lib/gcc/arm-none-eabi/11.3.1/../../../../arm-none-eabi/include/c++/11.3.1/bits/stl_vector.h:678:7:std::vector<_Tp, _Alloc>::~vector() [with _Tp = draw_center_text(uint16_t, uint16_t, uint16_t, uint16_t, const GFXfont*, uint8_t, uint16_t, const string&)::line_content; _Alloc = std::allocator<draw_center_text(uint16_t, uint16_t, uint16_t, uint16_t, const GFXfont*, uint8_t, uint16_t, const string&)::line_content>]	24	static
C:\ST\STM32CubeIDE_1.13.2\STM32CubeIDE\plugins\com.st.stm32cube.ide.mcu.externaltools.gnu-tools-for-stm32.11.3.rel1.win32_1.1.1.202309131626\tools\bin/../lib/gcc/arm-none-eabi/11.3.1/../../../../arm-none-eabi/include/c++/11.3.1/bits/stl_iterator.h:1032:9:__gnu_cxx::__normal_iterator<_Iterator, _Container>::__normal_iterator(const __gnu_cxx::__normal_iterator<_Iter, typename __gnu_cxx::__enable_if<std::__are_same<_Iter, typename _Container::pointer>::__value, _Container>::__type>&) [with _Iter = char*; _Iterator = const char*; _Container = std::__cxx11::basic_string<char>]	16	static
C:\ST\STM32CubeIDE_1.13.2\STM32CubeIDE\plugins\com.st.stm32cube.ide.mcu.externaltools.gnu-tools-for-stm32.11.3.rel1.win32_1.1.1.202309131626\tools\bin/../lib/gcc/arm-none-eabi/11.3.1/../../../../arm-none-eabi/include/c++/11.3.1/bits/stl_iterator.h:1178:5:bool __gnu_cxx::operator!=(const __gnu_cxx::__normal_iterator<_Iterator, _Container>&, const __gnu_cxx::__normal_iterator<_Iterator, _Container>&) [with _Iterator = char*; _Container = std::__cxx11::basic_string<char>]	24	static
C:\ST\STM32CubeIDE_1.13.2\STM32CubeIDE\plugins\com.st.stm32cube.ide.mcu.externaltools.gnu-tools-for-stm32.11.3.rel1.win32_1.1.1.202309131626\tools\bin/../lib/gcc/arm-none-eabi/11.3.1/../../../../arm-none-eabi/include/c++/11.3.1/bits/stl_iterator.h:1051:7:__gnu_cxx::__normal_iterator<_Iterator, _Container>& __gnu_cxx::__normal_iterator<_Iterator, _Container>::operator++() [with _Iterator = char*; _Container = std::__cxx11::basic_string<char>]	16	static
C:\ST\STM32CubeIDE_1.13.2\STM32CubeIDE\plugins\com.st.stm32cube.ide.mcu.externaltools.gnu-tools-for-stm32.11.3.rel1.win32_1.1.1.202309131626\tools\bin/../lib/gcc/arm-none-eabi/11.3.1/../../../../arm-none-eabi/include/c++/11.3.1/bits/stl_iterator.h:1041:7:__gnu_cxx::__normal_iterator<_Iterator, _Container>::reference __gnu_cxx::__normal_iterator<_Iterator, _Container>::operator*() const [with _Iterator = char*; _Container = std::__cxx11::basic_string<char>]	16	static
C:\ST\STM32CubeIDE_1.13.2\STM32CubeIDE\plugins\com.st.stm32cube.ide.mcu.externaltools.gnu-tools-for-stm32.11.3.rel1.win32_1.1.1.202309131626\tools\bin/../lib/gcc/arm-none-eabi/11.3.1/../../../../arm-none-eabi/include/c++/11.3.1/bits/stl_vector.h:1203:7:void std::vector<_Tp, _Alloc>::push_back(std::vector<_Tp, _Alloc>::value_type&&) [with _Tp = draw_center_text(uint16_t, uint16_t, uint16_t, uint16_t, const GFXfont*, uint8_t, uint16_t, const string&)::line_content; _Alloc = std::allocator<draw_center_text(uint16_t, uint16_t, uint16_t, uint16_t, const GFXfont*, uint8_t, uint16_t, const string&)::line_content>]	16	static
C:\ST\STM32CubeIDE_1.13.2\STM32CubeIDE\plugins\com.st.stm32cube.ide.mcu.externaltools.gnu-tools-for-stm32.11.3.rel1.win32_1.1.1.202309131626\tools\bin/../lib/gcc/arm-none-eabi/11.3.1/../../../../arm-none-eabi/include/c++/11.3.1/bits/stl_vector.h:918:7:std::vector<_Tp, _Alloc>::size_type std::vector<_Tp, _Alloc>::size() const [with _Tp = draw_center_text(uint16_t, uint16_t, uint16_t, uint16_t, const GFXfont*, uint8_t, uint16_t, const string&)::line_content; _Alloc = std::allocator<draw_center_text(uint16_t, uint16_t, uint16_t, uint16_t, const GFXfont*, uint8_t, uint16_t, const string&)::line_content>]	16	static
C:\ST\STM32CubeIDE_1.13.2\STM32CubeIDE\plugins\com.st.stm32cube.ide.mcu.externaltools.gnu-tools-for-stm32.11.3.rel1.win32_1.1.1.202309131626\tools\bin/../lib/gcc/arm-none-eabi/11.3.1/../../../../arm-none-eabi/include/c++/11.3.1/bits/stl_vector.h:811:7:std::vector<_Tp, _Alloc>::iterator std::vector<_Tp, _Alloc>::begin() [with _Tp = draw_center_text(uint16_t, uint16_t, uint16_t, uint16_t, const GFXfont*, uint8_t, uint16_t, const string&)::line_content; _Alloc = std::allocator<draw_center_text(uint16_t, uint16_t, uint16_t, uint16_t, const GFXfont*, uint8_t, uint16_t, const string&)::line_content>]	24	static
C:\ST\STM32CubeIDE_1.13.2\STM32CubeIDE\plugins\com.st.stm32cube.ide.mcu.externaltools.gnu-tools-for-stm32.11.3.rel1.win32_1.1.1.202309131626\tools\bin/../lib/gcc/arm-none-eabi/11.3.1/../../../../arm-none-eabi/include/c++/11.3.1/bits/stl_vector.h:829:7:std::vector<_Tp, _Alloc>::iterator std::vector<_Tp, _Alloc>::end() [with _Tp = draw_center_text(uint16_t, uint16_t, uint16_t, uint16_t, const GFXfont*, uint8_t, uint16_t, const string&)::line_content; _Alloc = std::allocator<draw_center_text(uint16_t, uint16_t, uint16_t, uint16_t, const GFXfont*, uint8_t, uint16_t, const string&)::line_content>]	24	static
C:\ST\STM32CubeIDE_1.13.2\STM32CubeIDE\plugins\com.st.stm32cube.ide.mcu.externaltools.gnu-tools-for-stm32.11.3.rel1.win32_1.1.1.202309131626\tools\bin/../lib/gcc/arm-none-eabi/11.3.1/../../../../arm-none-eabi/include/c++/11.3.1/bits/stl_iterator.h:1178:5:bool __gnu_cxx::operator!=(const __gnu_cxx::__normal_iterator<_Iterator, _Container>&, const __gnu_cxx::__normal_iterator<_Iterator, _Container>&) [with _Iterator = draw_center_text(uint16_t, uint16_t, uint16_t, uint16_t, const GFXfont*, uint8_t, uint16_t, const string&)::line_content*; _Container = std::vector<draw_center_text(uint16_t, uint16_t, uint16_t, uint16_t, const GFXfont*, uint8_t, uint16_t, const string&)::line_content>]	24	static
C:\ST\STM32CubeIDE_1.13.2\STM32CubeIDE\plugins\com.st.stm32cube.ide.mcu.externaltools.gnu-tools-for-stm32.11.3.rel1.win32_1.1.1.202309131626\tools\bin/../lib/gcc/arm-none-eabi/11.3.1/../../../../arm-none-eabi/include/c++/11.3.1/bits/stl_iterator.h:1051:7:__gnu_cxx::__normal_iterator<_Iterator, _Container>& __gnu_cxx::__normal_iterator<_Iterator, _Container>::operator++() [with _Iterator = draw_center_text(uint16_t, uint16_t, uint16_t, uint16_t, const GFXfont*, uint8_t, uint16_t, const string&)::line_content*; _Container = std::vector<draw_center_text(uint16_t, uint16_t, uint16_t, uint16_t, const GFXfont*, uint8_t, uint16_t, const string&)::line_content>]	16	static
C:\ST\STM32CubeIDE_1.13.2\STM32CubeIDE\plugins\com.st.stm32cube.ide.mcu.externaltools.gnu-tools-for-stm32.11.3.rel1.win32_1.1.1.202309131626\tools\bin/../lib/gcc/arm-none-eabi/11.3.1/../../../../arm-none-eabi/include/c++/11.3.1/bits/stl_iterator.h:1041:7:__gnu_cxx::__normal_iterator<_Iterator, _Container>::reference __gnu_cxx::__normal_iterator<_Iterator, _Container>::operator*() const [with _Iterator = draw_center_text(uint16_t, uint16_t, uint16_t, uint16_t, const GFXfont*, uint8_t, uint16_t, const string&)::line_content*; _Container = std::vector<draw_center_text(uint16_t, uint16_t, uint16_t, uint16_t, const GFXfont*, uint8_t, uint16_t, const string&)::line_content>]	16	static
C:\ST\STM32CubeIDE_1.13.2\STM32CubeIDE\plugins\com.st.stm32cube.ide.mcu.externaltools.gnu-tools-for-stm32.11.3.rel1.win32_1.1.1.202309131626\tools\bin/../lib/gcc/arm-none-eabi/11.3.1/../../../../arm-none-eabi/include/c++/11.3.1/bits/allocator.h:156:7:std::allocator< <template-parameter-1-1> >::allocator() [with _Tp = draw_center_text(uint16_t, uint16_t, uint16_t, uint16_t, const GFXfont*, uint8_t, uint16_t, const string&)::line_content]	16	static
C:\ST\STM32CubeIDE_1.13.2\STM32CubeIDE\plugins\com.st.stm32cube.ide.mcu.externaltools.gnu-tools-for-stm32.11.3.rel1.win32_1.1.1.202309131626\tools\bin/../lib/gcc/arm-none-eabi/11.3.1/../../../../arm-none-eabi/include/c++/11.3.1/bits/stl_vector.h:97:2:std::_Vector_base<_Tp, _Alloc>::_Vector_impl_data::_Vector_impl_data() [with _Tp = draw_center_text(uint16_t, uint16_t, uint16_t, uint16_t, const GFXfont*, uint8_t, uint16_t, const string&)::line_content; _Alloc = std::allocator<draw_center_text(uint16_t, uint16_t, uint16_t, uint16_t, const GFXfont*, uint8_t, uint16_t, const string&)::line_content>]	16	static
C:\ST\STM32CubeIDE_1.13.2\STM32CubeIDE\plugins\com.st.stm32cube.ide.mcu.externaltools.gnu-tools-for-stm32.11.3.rel1.win32_1.1.1.202309131626\tools\bin/../lib/gcc/arm-none-eabi/11.3.1/../../../../arm-none-eabi/include/c++/11.3.1/ext/new_allocator.h:89:7:__gnu_cxx::new_allocator<_Tp>::~new_allocator() [with _Tp = draw_center_text(uint16_t, uint16_t, uint16_t, uint16_t, const GFXfont*, uint8_t, uint16_t, const string&)::line_content]	16	static
C:\ST\STM32CubeIDE_1.13.2\STM32CubeIDE\plugins\com.st.stm32cube.ide.mcu.externaltools.gnu-tools-for-stm32.11.3.rel1.win32_1.1.1.202309131626\tools\bin/../lib/gcc/arm-none-eabi/11.3.1/../../../../arm-none-eabi/include/c++/11.3.1/bits/stl_vector.h:350:7:void std::_Vector_base<_Tp, _Alloc>::_M_deallocate(std::_Vector_base<_Tp, _Alloc>::pointer, std::size_t) [with _Tp = draw_center_text(uint16_t, uint16_t, uint16_t, uint16_t, const GFXfont*, uint8_t, uint16_t, const string&)::line_content; _Alloc = std::allocator<draw_center_text(uint16_t, uint16_t, uint16_t, uint16_t, const GFXfont*, uint8_t, uint16_t, const string&)::line_content>]	24	static
C:\ST\STM32CubeIDE_1.13.2\STM32CubeIDE\plugins\com.st.stm32cube.ide.mcu.externaltools.gnu-tools-for-stm32.11.3.rel1.win32_1.1.1.202309131626\tools\bin/../lib/gcc/arm-none-eabi/11.3.1/../../../../arm-none-eabi/include/c++/11.3.1/bits/stl_vector.h:276:7:std::_Vector_base<_Tp, _Alloc>::_Tp_alloc_type& std::_Vector_base<_Tp, _Alloc>::_M_get_Tp_allocator() [with _Tp = draw_center_text(uint16_t, uint16_t, uint16_t, uint16_t, const GFXfont*, uint8_t, uint16_t, const string&)::line_content; _Alloc = std::allocator<draw_center_text(uint16_t, uint16_t, uint16_t, uint16_t, const GFXfont*, uint8_t, uint16_t, const string&)::line_content>]	16	static
C:\ST\STM32CubeIDE_1.13.2\STM32CubeIDE\plugins\com.st.stm32cube.ide.mcu.externaltools.gnu-tools-for-stm32.11.3.rel1.win32_1.1.1.202309131626\tools\bin/../lib/gcc/arm-none-eabi/11.3.1/../../../../arm-none-eabi/include/c++/11.3.1/bits/alloc_traits.h:845:5:void std::_Destroy(_ForwardIterator, _ForwardIterator, std::allocator<_T2>&) [with _ForwardIterator = draw_center_text(uint16_t, uint16_t, uint16_t, uint16_t, const GFXfont*, uint8_t, uint16_t, const string&)::line_content*; _Tp = draw_center_text(uint16_t, uint16_t, uint16_t, uint16_t, const GFXfont*, uint8_t, uint16_t, const string&)::line_content]	24	static
C:\ST\STM32CubeIDE_1.13.2\STM32CubeIDE\plugins\com.st.stm32cube.ide.mcu.externaltools.gnu-tools-for-stm32.11.3.rel1.win32_1.1.1.202309131626\tools\bin/../lib/gcc/arm-none-eabi/11.3.1/../../../../arm-none-eabi/include/c++/11.3.1/bits/stl_iterator.h:1104:7:const _Iterator& __gnu_cxx::__normal_iterator<_Iterator, _Container>::base() const [with _Iterator = char*; _Container = std::__cxx11::basic_string<char>]	16	static
C:\ST\STM32CubeIDE_1.13.2\STM32CubeIDE\plugins\com.st.stm32cube.ide.mcu.externaltools.gnu-tools-for-stm32.11.3.rel1.win32_1.1.1.202309131626\tools\bin/../lib/gcc/arm-none-eabi/11.3.1/../../../../arm-none-eabi/include/c++/11.3.1/bits/move.h:104:5:constexpr typename std::remove_reference<_Tp>::type&& std::move(_Tp&&) [with _Tp = draw_center_text(uint16_t, uint16_t, uint16_t, uint16_t, const GFXfont*, uint8_t, uint16_t, const string&)::line_content&]	16	static
C:\ST\STM32CubeIDE_1.13.2\STM32CubeIDE\plugins\com.st.stm32cube.ide.mcu.externaltools.gnu-tools-for-stm32.11.3.rel1.win32_1.1.1.202309131626\tools\bin/../lib/gcc/arm-none-eabi/11.3.1/../../../../arm-none-eabi/include/c++/11.3.1/bits/vector.tcc:109:7:) [with _Args = {draw_center_text(uint16_t, uint16_t, uint16_t, uint16_t, const GFXfont*, uint8_t, uint16_t, const string&)::line_content}; _Tp = draw_center_text(uint16_t, uint16_t, uint16_t, uint16_t, const GFXfont*, uint8_t, uint16_t, const string&)::line_content; _Alloc = std::allocator<draw_center_text(uint16_t, uint16_t, uint16_t, uint16_t, const GFXfont*, uint8_t, uint16_t, const string&)::line_content>]	24	static
C:\ST\STM32CubeIDE_1.13.2\STM32CubeIDE\plugins\com.st.stm32cube.ide.mcu.externaltools.gnu-tools-for-stm32.11.3.rel1.win32_1.1.1.202309131626\tools\bin/../lib/gcc/arm-none-eabi/11.3.1/../../../../arm-none-eabi/include/c++/11.3.1/bits/stl_iterator.h:1026:7:__gnu_cxx::__normal_iterator<_Iterator, _Container>::__normal_iterator(const _Iterator&) [with _Iterator = draw_center_text(uint16_t, uint16_t, uint16_t, uint16_t, const GFXfont*, uint8_t, uint16_t, const string&)::line_content*; _Container = std::vector<draw_center_text(uint16_t, uint16_t, uint16_t, uint16_t, const GFXfont*, uint8_t, uint16_t, const string&)::line_content>]	16	static
C:\ST\STM32CubeIDE_1.13.2\STM32CubeIDE\plugins\com.st.stm32cube.ide.mcu.externaltools.gnu-tools-for-stm32.11.3.rel1.win32_1.1.1.202309131626\tools\bin/../lib/gcc/arm-none-eabi/11.3.1/../../../../arm-none-eabi/include/c++/11.3.1/bits/stl_iterator.h:1104:7:const _Iterator& __gnu_cxx::__normal_iterator<_Iterator, _Container>::base() const [with _Iterator = draw_center_text(uint16_t, uint16_t, uint16_t, uint16_t, const GFXfont*, uint8_t, uint16_t, const string&)::line_content*; _Container = std::vector<draw_center_text(uint16_t, uint16_t, uint16_t, uint16_t, const GFXfont*, uint8_t, uint16_t, const string&)::line_content>]	16	static
C:\ST\STM32CubeIDE_1.13.2\STM32CubeIDE\plugins\com.st.stm32cube.ide.mcu.externaltools.gnu-tools-for-stm32.11.3.rel1.win32_1.1.1.202309131626\tools\bin/../lib/gcc/arm-none-eabi/11.3.1/../../../../arm-none-eabi/include/c++/11.3.1/ext/new_allocator.h:79:7:__gnu_cxx::new_allocator<_Tp>::new_allocator() [with _Tp = draw_center_text(uint16_t, uint16_t, uint16_t, uint16_t, const GFXfont*, uint8_t, uint16_t, const string&)::line_content]	16	static
C:\ST\STM32CubeIDE_1.13.2\STM32CubeIDE\plugins\com.st.stm32cube.ide.mcu.externaltools.gnu-tools-for-stm32.11.3.rel1.win32_1.1.1.202309131626\tools\bin/../lib/gcc/arm-none-eabi/11.3.1/../../../../arm-none-eabi/include/c++/11.3.1/bits/alloc_traits.h:495:7:static void std::allocator_traits<std::allocator<_CharT> >::deallocate(std::allocator_traits<std::allocator<_CharT> >::allocator_type&, std::allocator_traits<std::allocator<_CharT> >::pointer, std::allocator_traits<std::allocator<_CharT> >::size_type) [with _Tp = draw_center_text(uint16_t, uint16_t, uint16_t, uint16_t, const GFXfont*, uint8_t, uint16_t, const string&)::line_content]	24	static
C:\ST\STM32CubeIDE_1.13.2\STM32CubeIDE\plugins\com.st.stm32cube.ide.mcu.externaltools.gnu-tools-for-stm32.11.3.rel1.win32_1.1.1.202309131626\tools\arm-none-eabi\include\c++\11.3.1\bits\stl_construct.h:182:5:void std::_Destroy(_ForwardIterator, _ForwardIterator) [with _ForwardIterator = draw_center_text(uint16_t, uint16_t, uint16_t, uint16_t, const GFXfont*, uint8_t, uint16_t, const string&)::line_content*]	16	static
C:\ST\STM32CubeIDE_1.13.2\STM32CubeIDE\plugins\com.st.stm32cube.ide.mcu.externaltools.gnu-tools-for-stm32.11.3.rel1.win32_1.1.1.202309131626\tools\bin/../lib/gcc/arm-none-eabi/11.3.1/../../../../arm-none-eabi/include/c++/11.3.1/bits/move.h:77:5:constexpr _Tp&& std::forward(typename std::remove_reference<_Tp>::type&) [with _Tp = draw_center_text(uint16_t, uint16_t, uint16_t, uint16_t, const GFXfont*, uint8_t, uint16_t, const string&)::line_content]	16	static
C:\ST\STM32CubeIDE_1.13.2\STM32CubeIDE\plugins\com.st.stm32cube.ide.mcu.externaltools.gnu-tools-for-stm32.11.3.rel1.win32_1.1.1.202309131626\tools\bin/../lib/gcc/arm-none-eabi/11.3.1/../../../../arm-none-eabi/include/c++/11.3.1/bits/alloc_traits.h:511:2:) [with _Up = draw_center_text(uint16_t, uint16_t, uint16_t, uint16_t, const GFXfont*, uint8_t, uint16_t, const string&)::line_content; _Args = {draw_center_text(uint16_t, uint16_t, uint16_t, uint16_t, const GFXfont*, uint8_t, uint16_t, const string&)::line_content}; _Tp = draw_center_text(uint16_t, uint16_t, uint16_t, uint16_t, const GFXfont*, uint8_t, uint16_t, const string&)::line_content]	24	static
C:\ST\STM32CubeIDE_1.13.2\STM32CubeIDE\plugins\com.st.stm32cube.ide.mcu.externaltools.gnu-tools-for-stm32.11.3.rel1.win32_1.1.1.202309131626\tools\bin/../lib/gcc/arm-none-eabi/11.3.1/../../../../arm-none-eabi/include/c++/11.3.1/bits/stl_vector.h:444:7:static constexpr bool std::vector<_Tp, _Alloc>::_S_use_relocate() [with _Tp = draw_center_text(uint16_t, uint16_t, uint16_t, uint16_t, const GFXfont*, uint8_t, uint16_t, const string&)::line_content; _Alloc = std::allocator<draw_center_text(uint16_t, uint16_t, uint16_t, uint16_t, const GFXfont*, uint8_t, uint16_t, const string&)::line_content>]	16	static
C:\ST\STM32CubeIDE_1.13.2\STM32CubeIDE\plugins\com.st.stm32cube.ide.mcu.externaltools.gnu-tools-for-stm32.11.3.rel1.win32_1.1.1.202309131626\tools\bin/../lib/gcc/arm-none-eabi/11.3.1/../../../../arm-none-eabi/include/c++/11.3.1/bits/stl_vector.h:431:7:static constexpr bool std::vector<_Tp, _Alloc>::_S_nothrow_relocate(std::true_type) [with _Tp = draw_center_text(uint16_t, uint16_t, uint16_t, uint16_t, const GFXfont*, uint8_t, uint16_t, const string&)::line_content; _Alloc = std::allocator<draw_center_text(uint16_t, uint16_t, uint16_t, uint16_t, const GFXfont*, uint8_t, uint16_t, const string&)::line_content>]	16	static
C:\ST\STM32CubeIDE_1.13.2\STM32CubeIDE\plugins\com.st.stm32cube.ide.mcu.externaltools.gnu-tools-for-stm32.11.3.rel1.win32_1.1.1.202309131626\tools\bin/../lib/gcc/arm-none-eabi/11.3.1/../../../../arm-none-eabi/include/c++/11.3.1/bits/vector.tcc:426:7:) [with _Args = {draw_center_text(uint16_t, uint16_t, uint16_t, uint16_t, const GFXfont*, uint8_t, uint16_t, const string&)::line_content}; _Tp = draw_center_text(uint16_t, uint16_t, uint16_t, uint16_t, const GFXfont*, uint8_t, uint16_t, const string&)::line_content; _Alloc = std::allocator<draw_center_text(uint16_t, uint16_t, uint16_t, uint16_t, const GFXfont*, uint8_t, uint16_t, const string&)::line_content>]	64	static
C:\ST\STM32CubeIDE_1.13.2\STM32CubeIDE\plugins\com.st.stm32cube.ide.mcu.externaltools.gnu-tools-for-stm32.11.3.rel1.win32_1.1.1.202309131626\tools\bin/../lib/gcc/arm-none-eabi/11.3.1/../../../../arm-none-eabi/include/c++/11.3.1/ext/new_allocator.h:132:7:void __gnu_cxx::new_allocator<_Tp>::deallocate(_Tp*, __gnu_cxx::new_allocator<_Tp>::size_type) [with _Tp = draw_center_text(uint16_t, uint16_t, uint16_t, uint16_t, const GFXfont*, uint8_t, uint16_t, const string&)::line_content]	24	static
C:\ST\STM32CubeIDE_1.13.2\STM32CubeIDE\plugins\com.st.stm32cube.ide.mcu.externaltools.gnu-tools-for-stm32.11.3.rel1.win32_1.1.1.202309131626\tools\arm-none-eabi\include\c++\11.3.1\bits\stl_construct.h:160:2:static void std::_Destroy_aux<<anonymous> >::__destroy(_ForwardIterator, _ForwardIterator) [with _ForwardIterator = draw_center_text(uint16_t, uint16_t, uint16_t, uint16_t, const GFXfont*, uint8_t, uint16_t, const string&)::line_content*; bool <anonymous> = false]	16	static
../Core/Src/display_ssd1963.cpp:276:10:draw_center_text(uint16_t, uint16_t, uint16_t, uint16_t, const GFXfont*, uint8_t, uint16_t, const string&)::line_content::line_content(draw_center_text(uint16_t, uint16_t, uint16_t, uint16_t, const GFXfont*, uint8_t, uint16_t, const string&)::line_content&&)	16	static
C:\ST\STM32CubeIDE_1.13.2\STM32CubeIDE\plugins\com.st.stm32cube.ide.mcu.externaltools.gnu-tools-for-stm32.11.3.rel1.win32_1.1.1.202309131626\tools\bin/../lib/gcc/arm-none-eabi/11.3.1/../../../../arm-none-eabi/include/c++/11.3.1/ext/new_allocator.h:160:2:) [with _Up = draw_center_text(uint16_t, uint16_t, uint16_t, uint16_t, const GFXfont*, uint8_t, uint16_t, const string&)::line_content; _Args = {draw_center_text(uint16_t, uint16_t, uint16_t, uint16_t, const GFXfont*, uint8_t, uint16_t, const string&)::line_content}; _Tp = draw_center_text(uint16_t, uint16_t, uint16_t, uint16_t, const GFXfont*, uint8_t, uint16_t, const string&)::line_content]	32	static
C:\ST\STM32CubeIDE_1.13.2\STM32CubeIDE\plugins\com.st.stm32cube.ide.mcu.externaltools.gnu-tools-for-stm32.11.3.rel1.win32_1.1.1.202309131626\tools\bin/../lib/gcc/arm-none-eabi/11.3.1/../../../../arm-none-eabi/include/c++/11.3.1/bits/stl_vector.h:1756:7:std::vector<_Tp, _Alloc>::size_type std::vector<_Tp, _Alloc>::_M_check_len(std::vector<_Tp, _Alloc>::size_type, const char*) const [with _Tp = draw_center_text(uint16_t, uint16_t, uint16_t, uint16_t, const GFXfont*, uint8_t, uint16_t, const string&)::line_content; _Alloc = std::allocator<draw_center_text(uint16_t, uint16_t, uint16_t, uint16_t, const GFXfont*, uint8_t, uint16_t, const string&)::line_content>]	40	static
C:\ST\STM32CubeIDE_1.13.2\STM32CubeIDE\plugins\com.st.stm32cube.ide.mcu.externaltools.gnu-tools-for-stm32.11.3.rel1.win32_1.1.1.202309131626\tools\bin/../lib/gcc/arm-none-eabi/11.3.1/../../../../arm-none-eabi/include/c++/11.3.1/bits/stl_iterator.h:1267:5:typename __gnu_cxx::__normal_iterator<_Iterator, _Container>::difference_type __gnu_cxx::operator-(const __gnu_cxx::__normal_iterator<_Iterator, _Container>&, const __gnu_cxx::__normal_iterator<_Iterator, _Container>&) [with _Iterator = draw_center_text(uint16_t, uint16_t, uint16_t, uint16_t, const GFXfont*, uint8_t, uint16_t, const string&)::line_content*; _Container = std::vector<draw_center_text(uint16_t, uint16_t, uint16_t, uint16_t, const GFXfont*, uint8_t, uint16_t, const string&)::line_content>]	24	static
C:\ST\STM32CubeIDE_1.13.2\STM32CubeIDE\plugins\com.st.stm32cube.ide.mcu.externaltools.gnu-tools-for-stm32.11.3.rel1.win32_1.1.1.202309131626\tools\bin/../lib/gcc/arm-none-eabi/11.3.1/../../../../arm-none-eabi/include/c++/11.3.1/bits/stl_vector.h:343:7:std::_Vector_base<_Tp, _Alloc>::pointer std::_Vector_base<_Tp, _Alloc>::_M_allocate(std::size_t) [with _Tp = draw_center_text(uint16_t, uint16_t, uint16_t, uint16_t, const GFXfont*, uint8_t, uint16_t, const string&)::line_content; _Alloc = std::allocator<draw_center_text(uint16_t, uint16_t, uint16_t, uint16_t, const GFXfont*, uint8_t, uint16_t, const string&)::line_content>]	16	static
C:\ST\STM32CubeIDE_1.13.2\STM32CubeIDE\plugins\com.st.stm32cube.ide.mcu.externaltools.gnu-tools-for-stm32.11.3.rel1.win32_1.1.1.202309131626\tools\bin/../lib/gcc/arm-none-eabi/11.3.1/../../../../arm-none-eabi/include/c++/11.3.1/bits/stl_vector.h:465:7:static std::vector<_Tp, _Alloc>::pointer std::vector<_Tp, _Alloc>::_S_relocate(std::vector<_Tp, _Alloc>::pointer, std::vector<_Tp, _Alloc>::pointer, std::vector<_Tp, _Alloc>::pointer, std::vector<_Tp, _Alloc>::_Tp_alloc_type&) [with _Tp = draw_center_text(uint16_t, uint16_t, uint16_t, uint16_t, const GFXfont*, uint8_t, uint16_t, const string&)::line_content; _Alloc = std::allocator<draw_center_text(uint16_t, uint16_t, uint16_t, uint16_t, const GFXfont*, uint8_t, uint16_t, const string&)::line_content>]	40	static
C:\ST\STM32CubeIDE_1.13.2\STM32CubeIDE\plugins\com.st.stm32cube.ide.mcu.externaltools.gnu-tools-for-stm32.11.3.rel1.win32_1.1.1.202309131626\tools\arm-none-eabi\include\c++\11.3.1\bits\stl_uninitialized.h:349:5:_ForwardIterator std::__uninitialized_move_if_noexcept_a(_InputIterator, _InputIterator, _ForwardIterator, _Allocator&) [with _InputIterator = draw_center_text(uint16_t, uint16_t, uint16_t, uint16_t, const GFXfont*, uint8_t, uint16_t, const string&)::line_content*; _ForwardIterator = draw_center_text(uint16_t, uint16_t, uint16_t, uint16_t, const GFXfont*, uint8_t, uint16_t, const string&)::line_content*; _Allocator = std::allocator<draw_center_text(uint16_t, uint16_t, uint16_t, uint16_t, const GFXfont*, uint8_t, uint16_t, const string&)::line_content>]	32	static
C:\ST\STM32CubeIDE_1.13.2\STM32CubeIDE\plugins\com.st.stm32cube.ide.mcu.externaltools.gnu-tools-for-stm32.11.3.rel1.win32_1.1.1.202309131626\tools\bin/../lib/gcc/arm-none-eabi/11.3.1/../../../../arm-none-eabi/include/c++/11.3.1/bits/alloc_traits.h:531:2:static void std::allocator_traits<std::allocator<_CharT> >::destroy(std::allocator_traits<std::allocator<_CharT> >::allocator_type&, _Up*) [with _Up = draw_center_text(uint16_t, uint16_t, uint16_t, uint16_t, const GFXfont*, uint8_t, uint16_t, const string&)::line_content; _Tp = draw_center_text(uint16_t, uint16_t, uint16_t, uint16_t, const GFXfont*, uint8_t, uint16_t, const string&)::line_content]	16	static
C:\ST\STM32CubeIDE_1.13.2\STM32CubeIDE\plugins\com.st.stm32cube.ide.mcu.externaltools.gnu-tools-for-stm32.11.3.rel1.win32_1.1.1.202309131626\tools\bin/../lib/gcc/arm-none-eabi/11.3.1/../../../../arm-none-eabi/include/c++/11.3.1/bits/move.h:49:5:constexpr _Tp* std::__addressof(_Tp&) [with _Tp = draw_center_text(uint16_t, uint16_t, uint16_t, uint16_t, const GFXfont*, uint8_t, uint16_t, const string&)::line_content]	16	static
C:\ST\STM32CubeIDE_1.13.2\STM32CubeIDE\plugins\com.st.stm32cube.ide.mcu.externaltools.gnu-tools-for-stm32.11.3.rel1.win32_1.1.1.202309131626\tools\arm-none-eabi\include\c++\11.3.1\bits\stl_construct.h:146:5:constexpr void std::_Destroy(_Tp*) [with _Tp = draw_center_text(uint16_t, uint16_t, uint16_t, uint16_t, const GFXfont*, uint8_t, uint16_t, const string&)::line_content]	16	static
C:\ST\STM32CubeIDE_1.13.2\STM32CubeIDE\plugins\com.st.stm32cube.ide.mcu.externaltools.gnu-tools-for-stm32.11.3.rel1.win32_1.1.1.202309131626\tools\bin/../lib/gcc/arm-none-eabi/11.3.1/../../../../arm-none-eabi/include/c++/11.3.1/bits/stl_vector.h:923:7:std::vector<_Tp, _Alloc>::size_type std::vector<_Tp, _Alloc>::max_size() const [with _Tp = draw_center_text(uint16_t, uint16_t, uint16_t, uint16_t, const GFXfont*, uint8_t, uint16_t, const string&)::line_content; _Alloc = std::allocator<draw_center_text(uint16_t, uint16_t, uint16_t, uint16_t, const GFXfont*, uint8_t, uint16_t, const string&)::line_content>]	16	static
C:\ST\STM32CubeIDE_1.13.2\STM32CubeIDE\plugins\com.st.stm32cube.ide.mcu.externaltools.gnu-tools-for-stm32.11.3.rel1.win32_1.1.1.202309131626\tools\bin/../lib/gcc/arm-none-eabi/11.3.1/../../../../arm-none-eabi/include/c++/11.3.1/bits/stl_algobase.h:254:5:constexpr const _Tp& std::max(const _Tp&, const _Tp&) [with _Tp = unsigned int]	16	static
C:\ST\STM32CubeIDE_1.13.2\STM32CubeIDE\plugins\com.st.stm32cube.ide.mcu.externaltools.gnu-tools-for-stm32.11.3.rel1.win32_1.1.1.202309131626\tools\bin/../lib/gcc/arm-none-eabi/11.3.1/../../../../arm-none-eabi/include/c++/11.3.1/bits/alloc_traits.h:463:7:static _Tp* std::allocator_traits<std::allocator<_CharT> >::allocate(std::allocator_traits<std::allocator<_CharT> >::allocator_type&, std::allocator_traits<std::allocator<_CharT> >::size_type) [with _Tp = draw_center_text(uint16_t, uint16_t, uint16_t, uint16_t, const GFXfont*, uint8_t, uint16_t, const string&)::line_content]	16	static
C:\ST\STM32CubeIDE_1.13.2\STM32CubeIDE\plugins\com.st.stm32cube.ide.mcu.externaltools.gnu-tools-for-stm32.11.3.rel1.win32_1.1.1.202309131626\tools\bin/../lib/gcc/arm-none-eabi/11.3.1/../../../../arm-none-eabi/include/c++/11.3.1/bits/stl_vector.h:453:7:static std::vector<_Tp, _Alloc>::pointer std::vector<_Tp, _Alloc>::_S_do_relocate(std::vector<_Tp, _Alloc>::pointer, std::vector<_Tp, _Alloc>::pointer, std::vector<_Tp, _Alloc>::pointer, std::vector<_Tp, _Alloc>::_Tp_alloc_type&, std::true_type) [with _Tp = draw_center_text(uint16_t, uint16_t, uint16_t, uint16_t, const GFXfont*, uint8_t, uint16_t, const string&)::line_content; _Alloc = std::allocator<draw_center_text(uint16_t, uint16_t, uint16_t, uint16_t, const GFXfont*, uint8_t, uint16_t, const string&)::line_content>]	24	static
C:\ST\STM32CubeIDE_1.13.2\STM32CubeIDE\plugins\com.st.stm32cube.ide.mcu.externaltools.gnu-tools-for-stm32.11.3.rel1.win32_1.1.1.202309131626\tools\bin/../lib/gcc/arm-none-eabi/11.3.1/../../../../arm-none-eabi/include/c++/11.3.1/bits/stl_iterator.h:1704:5:_ReturnType std::__make_move_if_noexcept_iterator(_Tp*) [with _Tp = draw_center_text(uint16_t, uint16_t, uint16_t, uint16_t, const GFXfont*, uint8_t, uint16_t, const string&)::line_content; _ReturnType = std::move_iterator<draw_center_text(uint16_t, uint16_t, uint16_t, uint16_t, const GFXfont*, uint8_t, uint16_t, const string&)::line_content*>]	24	static
C:\ST\STM32CubeIDE_1.13.2\STM32CubeIDE\plugins\com.st.stm32cube.ide.mcu.externaltools.gnu-tools-for-stm32.11.3.rel1.win32_1.1.1.202309131626\tools\arm-none-eabi\include\c++\11.3.1\bits\stl_uninitialized.h:331:5:_ForwardIterator std::__uninitialized_copy_a(_InputIterator, _InputIterator, _ForwardIterator, std::allocator<_Tp>&) [with _InputIterator = std::move_iterator<draw_center_text(uint16_t, uint16_t, uint16_t, uint16_t, const GFXfont*, uint8_t, uint16_t, const string&)::line_content*>; _ForwardIterator = draw_center_text(uint16_t, uint16_t, uint16_t, uint16_t, const GFXfont*, uint8_t, uint16_t, const string&)::line_content*; _Tp = draw_center_text(uint16_t, uint16_t, uint16_t, uint16_t, const GFXfont*, uint8_t, uint16_t, const string&)::line_content]	24	static
C:\ST\STM32CubeIDE_1.13.2\STM32CubeIDE\plugins\com.st.stm32cube.ide.mcu.externaltools.gnu-tools-for-stm32.11.3.rel1.win32_1.1.1.202309131626\tools\bin/../lib/gcc/arm-none-eabi/11.3.1/../../../../arm-none-eabi/include/c++/11.3.1/ext/new_allocator.h:166:2:void __gnu_cxx::new_allocator<_Tp>::destroy(_Up*) [with _Up = draw_center_text(uint16_t, uint16_t, uint16_t, uint16_t, const GFXfont*, uint8_t, uint16_t, const string&)::line_content; _Tp = draw_center_text(uint16_t, uint16_t, uint16_t, uint16_t, const GFXfont*, uint8_t, uint16_t, const string&)::line_content]	16	static
C:\ST\STM32CubeIDE_1.13.2\STM32CubeIDE\plugins\com.st.stm32cube.ide.mcu.externaltools.gnu-tools-for-stm32.11.3.rel1.win32_1.1.1.202309131626\tools\bin/../lib/gcc/arm-none-eabi/11.3.1/../../../../arm-none-eabi/include/c++/11.3.1/bits/stl_vector.h:1776:7:static std::vector<_Tp, _Alloc>::size_type std::vector<_Tp, _Alloc>::_S_max_size(const _Tp_alloc_type&) [with _Tp = draw_center_text(uint16_t, uint16_t, uint16_t, uint16_t, const GFXfont*, uint8_t, uint16_t, const string&)::line_content; _Alloc = std::allocator<draw_center_text(uint16_t, uint16_t, uint16_t, uint16_t, const GFXfont*, uint8_t, uint16_t, const string&)::line_content>]	24	static
C:\ST\STM32CubeIDE_1.13.2\STM32CubeIDE\plugins\com.st.stm32cube.ide.mcu.externaltools.gnu-tools-for-stm32.11.3.rel1.win32_1.1.1.202309131626\tools\bin/../lib/gcc/arm-none-eabi/11.3.1/../../../../arm-none-eabi/include/c++/11.3.1/bits/stl_vector.h:280:7:const _Tp_alloc_type& std::_Vector_base<_Tp, _Alloc>::_M_get_Tp_allocator() const [with _Tp = draw_center_text(uint16_t, uint16_t, uint16_t, uint16_t, const GFXfont*, uint8_t, uint16_t, const string&)::line_content; _Alloc = std::allocator<draw_center_text(uint16_t, uint16_t, uint16_t, uint16_t, const GFXfont*, uint8_t, uint16_t, const string&)::line_content>]	16	static
C:\ST\STM32CubeIDE_1.13.2\STM32CubeIDE\plugins\com.st.stm32cube.ide.mcu.externaltools.gnu-tools-for-stm32.11.3.rel1.win32_1.1.1.202309131626\tools\bin/../lib/gcc/arm-none-eabi/11.3.1/../../../../arm-none-eabi/include/c++/11.3.1/ext/new_allocator.h:197:7:constexpr __gnu_cxx::new_allocator<_Tp>::size_type __gnu_cxx::new_allocator<_Tp>::_M_max_size() const [with _Tp = draw_center_text(uint16_t, uint16_t, uint16_t, uint16_t, const GFXfont*, uint8_t, uint16_t, const string&)::line_content]	16	static
C:\ST\STM32CubeIDE_1.13.2\STM32CubeIDE\plugins\com.st.stm32cube.ide.mcu.externaltools.gnu-tools-for-stm32.11.3.rel1.win32_1.1.1.202309131626\tools\bin/../lib/gcc/arm-none-eabi/11.3.1/../../../../arm-none-eabi/include/c++/11.3.1/ext/new_allocator.h:103:7:_Tp* __gnu_cxx::new_allocator<_Tp>::allocate(__gnu_cxx::new_allocator<_Tp>::size_type, const void*) [with _Tp = draw_center_text(uint16_t, uint16_t, uint16_t, uint16_t, const GFXfont*, uint8_t, uint16_t, const string&)::line_content]	24	static
C:\ST\STM32CubeIDE_1.13.2\STM32CubeIDE\plugins\com.st.stm32cube.ide.mcu.externaltools.gnu-tools-for-stm32.11.3.rel1.win32_1.1.1.202309131626\tools\arm-none-eabi\include\c++\11.3.1\bits\stl_uninitialized.h:1040:5:_ForwardIterator std::__relocate_a(_InputIterator, _InputIterator, _ForwardIterator, _Allocator&) [with _InputIterator = draw_center_text(uint16_t, uint16_t, uint16_t, uint16_t, const GFXfont*, uint8_t, uint16_t, const string&)::line_content*; _ForwardIterator = draw_center_text(uint16_t, uint16_t, uint16_t, uint16_t, const GFXfont*, uint8_t, uint16_t, const string&)::line_content*; _Allocator = std::allocator<draw_center_text(uint16_t, uint16_t, uint16_t, uint16_t, const GFXfont*, uint8_t, uint16_t, const string&)::line_content>]	32	static
C:\ST\STM32CubeIDE_1.13.2\STM32CubeIDE\plugins\com.st.stm32cube.ide.mcu.externaltools.gnu-tools-for-stm32.11.3.rel1.win32_1.1.1.202309131626\tools\bin/../lib/gcc/arm-none-eabi/11.3.1/../../../../arm-none-eabi/include/c++/11.3.1/bits/stl_iterator.h:1420:7:std::move_iterator<_Iterator>::move_iterator(std::move_iterator<_Iterator>::iterator_type) [with _Iterator = draw_center_text(uint16_t, uint16_t, uint16_t, uint16_t, const GFXfont*, uint8_t, uint16_t, const string&)::line_content*]	16	static
C:\ST\STM32CubeIDE_1.13.2\STM32CubeIDE\plugins\com.st.stm32cube.ide.mcu.externaltools.gnu-tools-for-stm32.11.3.rel1.win32_1.1.1.202309131626\tools\arm-none-eabi\include\c++\11.3.1\bits\stl_uninitialized.h:126:5:_ForwardIterator std::uninitialized_copy(_InputIterator, _InputIterator, _ForwardIterator) [with _InputIterator = std::move_iterator<draw_center_text(uint16_t, uint16_t, uint16_t, uint16_t, const GFXfont*, uint8_t, uint16_t, const string&)::line_content*>; _ForwardIterator = draw_center_text(uint16_t, uint16_t, uint16_t, uint16_t, const GFXfont*, uint8_t, uint16_t, const string&)::line_content*]	32	static
C:\ST\STM32CubeIDE_1.13.2\STM32CubeIDE\plugins\com.st.stm32cube.ide.mcu.externaltools.gnu-tools-for-stm32.11.3.rel1.win32_1.1.1.202309131626\tools\bin/../lib/gcc/arm-none-eabi/11.3.1/../../../../arm-none-eabi/include/c++/11.3.1/bits/alloc_traits.h:547:7:static std::allocator_traits<std::allocator<_CharT> >::size_type std::allocator_traits<std::allocator<_CharT> >::max_size(const allocator_type&) [with _Tp = draw_center_text(uint16_t, uint16_t, uint16_t, uint16_t, const GFXfont*, uint8_t, uint16_t, const string&)::line_content]	16	static
C:\ST\STM32CubeIDE_1.13.2\STM32CubeIDE\plugins\com.st.stm32cube.ide.mcu.externaltools.gnu-tools-for-stm32.11.3.rel1.win32_1.1.1.202309131626\tools\bin/../lib/gcc/arm-none-eabi/11.3.1/../../../../arm-none-eabi/include/c++/11.3.1/bits/stl_algobase.h:230:5:constexpr const _Tp& std::min(const _Tp&, const _Tp&) [with _Tp = unsigned int]	16	static
C:\ST\STM32CubeIDE_1.13.2\STM32CubeIDE\plugins\com.st.stm32cube.ide.mcu.externaltools.gnu-tools-for-stm32.11.3.rel1.win32_1.1.1.202309131626\tools\bin/../lib/gcc/arm-none-eabi/11.3.1/../../../../arm-none-eabi/include/c++/11.3.1/bits/stl_algobase.h:313:5:_Iterator std::__niter_base(_Iterator) [with _Iterator = draw_center_text(uint16_t, uint16_t, uint16_t, uint16_t, const GFXfont*, uint8_t, uint16_t, const string&)::line_content*]	16	static
C:\ST\STM32CubeIDE_1.13.2\STM32CubeIDE\plugins\com.st.stm32cube.ide.mcu.externaltools.gnu-tools-for-stm32.11.3.rel1.win32_1.1.1.202309131626\tools\arm-none-eabi\include\c++\11.3.1\bits\stl_uninitialized.h:1018:5:_ForwardIterator std::__relocate_a_1(_InputIterator, _InputIterator, _ForwardIterator, _Allocator&) [with _InputIterator = draw_center_text(uint16_t, uint16_t, uint16_t, uint16_t, const GFXfont*, uint8_t, uint16_t, const string&)::line_content*; _ForwardIterator = draw_center_text(uint16_t, uint16_t, uint16_t, uint16_t, const GFXfont*, uint8_t, uint16_t, const string&)::line_content*; _Allocator = std::allocator<draw_center_text(uint16_t, uint16_t, uint16_t, uint16_t, const GFXfont*, uint8_t, uint16_t, const string&)::line_content>]	40	static
C:\ST\STM32CubeIDE_1.13.2\STM32CubeIDE\plugins\com.st.stm32cube.ide.mcu.externaltools.gnu-tools-for-stm32.11.3.rel1.win32_1.1.1.202309131626\tools\bin/../lib/gcc/arm-none-eabi/11.3.1/../../../../arm-none-eabi/include/c++/11.3.1/bits/move.h:104:5:constexpr typename std::remove_reference<_Tp>::type&& std::move(_Tp&&) [with _Tp = draw_center_text(uint16_t, uint16_t, uint16_t, uint16_t, const GFXfont*, uint8_t, uint16_t, const string&)::line_content*&]	16	static
C:\ST\STM32CubeIDE_1.13.2\STM32CubeIDE\plugins\com.st.stm32cube.ide.mcu.externaltools.gnu-tools-for-stm32.11.3.rel1.win32_1.1.1.202309131626\tools\arm-none-eabi\include\c++\11.3.1\bits\stl_uninitialized.h:85:9:static _ForwardIterator std::__uninitialized_copy<_TrivialValueTypes>::__uninit_copy(_InputIterator, _InputIterator, _ForwardIterator) [with _InputIterator = std::move_iterator<draw_center_text(uint16_t, uint16_t, uint16_t, uint16_t, const GFXfont*, uint8_t, uint16_t, const string&)::line_content*>; _ForwardIterator = draw_center_text(uint16_t, uint16_t, uint16_t, uint16_t, const GFXfont*, uint8_t, uint16_t, const string&)::line_content*; bool _TrivialValueTypes = false]	40	static
C:\ST\STM32CubeIDE_1.13.2\STM32CubeIDE\plugins\com.st.stm32cube.ide.mcu.externaltools.gnu-tools-for-stm32.11.3.rel1.win32_1.1.1.202309131626\tools\bin/../lib/gcc/arm-none-eabi/11.3.1/../../../../arm-none-eabi/include/c++/11.3.1/ext/new_allocator.h:154:7:__gnu_cxx::new_allocator<_Tp>::size_type __gnu_cxx::new_allocator<_Tp>::max_size() const [with _Tp = draw_center_text(uint16_t, uint16_t, uint16_t, uint16_t, const GFXfont*, uint8_t, uint16_t, const string&)::line_content]	16	static
C:\ST\STM32CubeIDE_1.13.2\STM32CubeIDE\plugins\com.st.stm32cube.ide.mcu.externaltools.gnu-tools-for-stm32.11.3.rel1.win32_1.1.1.202309131626\tools\arm-none-eabi\include\c++\11.3.1\bits\stl_uninitialized.h:986:5:void std::__relocate_object_a(_Tp*, _Up*, _Allocator&) [with _Tp = draw_center_text(uint16_t, uint16_t, uint16_t, uint16_t, const GFXfont*, uint8_t, uint16_t, const string&)::line_content; _Up = draw_center_text(uint16_t, uint16_t, uint16_t, uint16_t, const GFXfont*, uint8_t, uint16_t, const string&)::line_content; _Allocator = std::allocator<draw_center_text(uint16_t, uint16_t, uint16_t, uint16_t, const GFXfont*, uint8_t, uint16_t, const string&)::line_content>]	24	static
C:\ST\STM32CubeIDE_1.13.2\STM32CubeIDE\plugins\com.st.stm32cube.ide.mcu.externaltools.gnu-tools-for-stm32.11.3.rel1.win32_1.1.1.202309131626\tools\bin/../lib/gcc/arm-none-eabi/11.3.1/../../../../arm-none-eabi/include/c++/11.3.1/bits/stl_iterator.h:1642:5:bool std::operator!=(const std::move_iterator<_IteratorL>&, const std::move_iterator<_IteratorL>&) [with _Iterator = draw_center_text(uint16_t, uint16_t, uint16_t, uint16_t, const GFXfont*, uint8_t, uint16_t, const string&)::line_content*]	16	static
C:\ST\STM32CubeIDE_1.13.2\STM32CubeIDE\plugins\com.st.stm32cube.ide.mcu.externaltools.gnu-tools-for-stm32.11.3.rel1.win32_1.1.1.202309131626\tools\bin/../lib/gcc/arm-none-eabi/11.3.1/../../../../arm-none-eabi/include/c++/11.3.1/bits/stl_iterator.h:1470:7:std::move_iterator<_Iterator>& std::move_iterator<_Iterator>::operator++() [with _Iterator = draw_center_text(uint16_t, uint16_t, uint16_t, uint16_t, const GFXfont*, uint8_t, uint16_t, const string&)::line_content*]	16	static
C:\ST\STM32CubeIDE_1.13.2\STM32CubeIDE\plugins\com.st.stm32cube.ide.mcu.externaltools.gnu-tools-for-stm32.11.3.rel1.win32_1.1.1.202309131626\tools\bin/../lib/gcc/arm-none-eabi/11.3.1/../../../../arm-none-eabi/include/c++/11.3.1/bits/stl_iterator.h:1458:7:std::move_iterator<_Iterator>::reference std::move_iterator<_Iterator>::operator*() const [with _Iterator = draw_center_text(uint16_t, uint16_t, uint16_t, uint16_t, const GFXfont*, uint8_t, uint16_t, const string&)::line_content*]	16	static
C:\ST\STM32CubeIDE_1.13.2\STM32CubeIDE\plugins\com.st.stm32cube.ide.mcu.externaltools.gnu-tools-for-stm32.11.3.rel1.win32_1.1.1.202309131626\tools\arm-none-eabi\include\c++\11.3.1\bits\stl_construct.h:109:5:) [with _Tp = draw_center_text(uint16_t, uint16_t, uint16_t, uint16_t, const GFXfont*, uint8_t, uint16_t, const string&)::line_content; _Args = {draw_center_text(uint16_t, uint16_t, uint16_t, uint16_t, const GFXfont*, uint8_t, uint16_t, const string&)::line_content}]	24	static
C:\ST\STM32CubeIDE_1.13.2\STM32CubeIDE\plugins\com.st.stm32cube.ide.mcu.externaltools.gnu-tools-for-stm32.11.3.rel1.win32_1.1.1.202309131626\tools\bin/../lib/gcc/arm-none-eabi/11.3.1/../../../../arm-none-eabi/include/c++/11.3.1/bits/stl_iterator.h:1629:5:bool std::operator==(const std::move_iterator<_IteratorL>&, const std::move_iterator<_IteratorL>&) [with _Iterator = draw_center_text(uint16_t, uint16_t, uint16_t, uint16_t, const GFXfont*, uint8_t, uint16_t, const string&)::line_content*]	24	static
C:\ST\STM32CubeIDE_1.13.2\STM32CubeIDE\plugins\com.st.stm32cube.ide.mcu.externaltools.gnu-tools-for-stm32.11.3.rel1.win32_1.1.1.202309131626\tools\bin/../lib/gcc/arm-none-eabi/11.3.1/../../../../arm-none-eabi/include/c++/11.3.1/bits/stl_iterator.h:1445:7:std::move_iterator<_Iterator>::iterator_type std::move_iterator<_Iterator>::base() const [with _Iterator = draw_center_text(uint16_t, uint16_t, uint16_t, uint16_t, const GFXfont*, uint8_t, uint16_t, const string&)::line_content*]	16	static
../Core/Src/display_ssd1963.cpp:934:1:void __static_initialization_and_destruction_0(int, int)	16	static
../Core/Src/display_ssd1963.cpp:934:1:cpp)	8	static
../Core/Src/display_ssd1963.cpp:934:1:cpp)	8	static
