../Core/Src/display_ssd1963.c:10:10:RGB	16	static
../Core/Src/display_ssd1963.c:24:6:tft_write_bus	16	static,ignoring_inline_asm
../Core/Src/display_ssd1963.c:36:6:Lcd_Write_Data	16	static
../Core/Src/display_ssd1963.c:42:6:Lcd_Write_Cmd	16	static
../Core/Src/display_ssd1963.c:50:6:Lcd_SetArea	24	static
../Core/Src/display_ssd1963.c:67:6:Lcd_FillArea	32	static
../Core/Src/display_ssd1963.c:81:6:Lcd_ClearScreen	24	static
../Core/Src/display_ssd1963.c:95:6:Lcd_SetPixel	16	static
../Core/Src/display_ssd1963.c:105:6:Init_SSD1963	8	static
../Core/Src/display_ssd1963.c:201:6:TFT_Set_X	16	static
../Core/Src/display_ssd1963.c:212:6:TFT_Set_Y	16	static
../Core/Src/display_ssd1963.c:223:6:TFT_Set_XY	16	static
../Core/Src/display_ssd1963.c:231:6:TFT_Set_Work_Area	24	static
../Core/Src/display_ssd1963.c:241:6:TFT_Clear_Screen	24	static
../Core/Src/display_ssd1963.c:252:6:TFT_Draw_Char	40	static
../Core/Src/display_ssd1963.c:274:6:TFT_Draw_String	40	static
../Core/Src/display_ssd1963.c:291:6:TFT_Draw_Line	56	static
../Core/Src/display_ssd1963.c:324:6:TFT_Draw_HLine	32	static
../Core/Src/display_ssd1963.c:333:6:TFT_Set_Read_Area	24	static
../Core/Src/display_ssd1963.c:340:10:TFT_Draw_List	112	dynamic
../Core/Src/display_ssd1963.c:389:6:TFT_Draw_Alert	48	static
../Core/Src/display_ssd1963.c:402:6:TFT_Restore_Area	32	static
../Core/Src/display_ssd1963.c:412:6:lcd_Read_Area	32	static
../Core/Src/display_ssd1963.c:428:10:lcd_Read_bus	16	static
../Core/Src/display_ssd1963.c:448:6:TFT_Draw_Bitmap_Without_Background	40	static
../Core/Src/display_ssd1963.c:467:6:TFT_Draw_Bitmap	32	static
../Core/Src/display_ssd1963.c:479:6:TFT_Draw_VLine	32	static
../Core/Src/display_ssd1963.c:489:6:TFT_Draw_Rectangle	32	static
../Core/Src/display_ssd1963.c:498:6:TFT_Draw_Fill_Rectangle	32	static
../Core/Src/display_ssd1963.c:510:6:TFT_Draw_Triangle	32	static
../Core/Src/display_ssd1963.c:519:6:TFT_Draw_Circle	48	static
../Core/Src/display_ssd1963.c:558:6:TFT_Draw_Circle_Helper	48	static
../Core/Src/display_ssd1963.c:595:6:TFT_Draw_Round_Rect	32	static
../Core/Src/display_ssd1963.c:610:6:TFT_Draw_Fill_Circle_Helper	48	static
../Core/Src/display_ssd1963.c:641:6:TFT_Draw_Fill_Round_Rect	32	static
../Core/Src/display_ssd1963.c:651:13:LCD_Char	56	static
../Core/Src/display_ssd1963.c:686:6:LCD_centered_Font	88	static
../Core/Src/display_ssd1963.c:751:6:LCD_Row_Font	64	static
../Core/Src/display_ssd1963.c:772:6:LCD_Font	72	static
../Core/Src/display_ssd1963.c:797:6:LCD_FillTriangle	80	static
../Core/Src/display_ssd1963.c:874:10:rainbow	24	static
../Core/Src/display_ssd1963.c:908:6:map	24	static
../Core/Src/display_ssd1963.c:912:5:ringMeter	120	static
