C:\ST\STM32CubeIDE_1.13.2\STM32CubeIDE\plugins\com.st.stm32cube.ide.mcu.externaltools.gnu-tools-for-stm32.11.3.rel1.win32_1.1.1.202309131626\tools\arm-none-eabi\include\c++\11.3.1\arm-none-eabi\thumb\v7e-m+dp\hard\bits\gthr-default.h:229:1:int __gthread_key_delete(__gthread_key_t)	16	static
../Core/Src/draw_display.cpp:10:6:void draw_file_list(int, int, bool, sort_option)	224	dynamic
../Core/Src/draw_display.cpp:47:6:void print_file_info(int)	200	static
../Core/Src/draw_display.cpp:57:6:void draw_file_menu()	24	static
../Core/Src/draw_display.cpp:74:6:void draw_main_menu()	8	static
../Core/Src/draw_display.cpp:80:6:void draw_right_panel()	32	static
../Core/Src/draw_display.cpp:109:6:void draw_left_panel()	32	static
../Core/Src/draw_display.cpp:138:6:void draw_top_panel()	24	static
C:\ST\STM32CubeIDE_1.13.2\STM32CubeIDE\plugins\com.st.stm32cube.ide.mcu.externaltools.gnu-tools-for-stm32.11.3.rel1.win32_1.1.1.202309131626\tools\bin/../lib/gcc/arm-none-eabi/11.3.1/../../../../arm-none-eabi/include/c++/11.3.1/bits/stl_vector.h:918:7:std::vector<_Tp, _Alloc>::size_type std::vector<_Tp, _Alloc>::size() const [with _Tp = file_info; _Alloc = std::allocator<file_info>]	16	static
C:\ST\STM32CubeIDE_1.13.2\STM32CubeIDE\plugins\com.st.stm32cube.ide.mcu.externaltools.gnu-tools-for-stm32.11.3.rel1.win32_1.1.1.202309131626\tools\bin/../lib/gcc/arm-none-eabi/11.3.1/../../../../arm-none-eabi/include/c++/11.3.1/bits/stl_vector.h:1043:7:std::vector<_Tp, _Alloc>::reference std::vector<_Tp, _Alloc>::operator[](std::vector<_Tp, _Alloc>::size_type) [with _Tp = file_info; _Alloc = std::allocator<file_info>]	16	static
