C:\ST\STM32CubeIDE_1.13.2\STM32CubeIDE\plugins\com.st.stm32cube.ide.mcu.externaltools.gnu-tools-for-stm32.11.3.rel1.win32_1.1.1.202309131626\tools\arm-none-eabi\include\c++\11.3.1\arm-none-eabi\thumb\v7e-m+dp\hard\bits\gthr-default.h:229:1:int __gthread_key_delete(__gthread_key_t)	16	static
../Core/Src/main.cpp:131:5:int bufsize(char*)	24	static
../Core/Src/main.cpp:139:6:void clear_buffer(char*)	24	static
../Core/Src/main.cpp:152:5:int main()	5176	static
../Core/Src/main.cpp:466:6:void SystemClock_Config()	120	static
../Core/Src/main.cpp:531:6:void PeriphCommonClock_Config()	200	static
../Core/Src/main.cpp:547:6:void HAL_GPIO_EXTI_Callback(uint16_t)	16	static
../Core/Src/main.cpp:604:6:void HAL_TIM_PeriodElapsedCallback(TIM_HandleTypeDef*)	24	static
../Core/Src/main.cpp:661:6:void Error_Handler()	4	static,ignoring_inline_asm
../Core/Src/main.cpp:670:1:void __static_initialization_and_destruction_0(int, int)	16	static
../Core/Src/main.cpp:670:1:cpp)	8	static
../Core/Src/main.cpp:670:1:cpp)	8	static
