C:\ST\STM32CubeIDE_1.13.2\STM32CubeIDE\plugins\com.st.stm32cube.ide.mcu.externaltools.gnu-tools-for-stm32.11.3.rel1.win32_1.1.1.202309131626\tools\arm-none-eabi\include\c++\11.3.1\arm-none-eabi\thumb\v7e-m+dp\hard\bits\gthr-default.h:229:1:int __gthread_key_delete(__gthread_key_t)	16	static
../Core/Inc/navigate_robot.h:47:3:robot_position::robot_position()	16	static
../Core/Inc/commands.h:34:16:virtual void command::reset_task_progres()	16	static
../Core/Inc/commands.h:82:8:virtual bool movement::get_target_position(robot_position&)	24	static
../Core/Inc/mov_circular.h:32:8:virtual void mov_circular::draw(int)	16	static
../Core/Inc/mov_circular.h:35:31:virtual command::e_command_type mov_circular::get_command_type()	16	static
../Core/Src/mov_circular.cpp:3:1:mov_circular::mov_circular(robot_position, robot_position, movement::e_speed, movement::e_movement_type)	80	static
../Core/Src/mov_circular.cpp:9:1:mov_circular::mov_circular(std::istringstream&)	32	static
../Core/Src/mov_circular.cpp:86:1:mov_circular::mov_circular(const mov_circular&)	24	static
../Core/Src/mov_circular.cpp:89:6:void mov_circular::update_command(mov_circular)	24	static
../Core/Src/mov_circular.cpp:96:6:void mov_circular::update_command(robot_position, robot_position, movement::e_speed, movement::e_movement_type)	24	static
../Core/Src/mov_circular.cpp:106:6:virtual bool mov_circular::perform_task()	16	static
../Core/Src/mov_circular.cpp:111:6:virtual void mov_circular::prepare_task(std::vector<std::shared_ptr<command> >::iterator, int)	24	static
../Core/Src/mov_circular.cpp:136:6:virtual void mov_circular::save_to_file(FIL&)	368	static
C:\ST\STM32CubeIDE_1.13.2\STM32CubeIDE\plugins\com.st.stm32cube.ide.mcu.externaltools.gnu-tools-for-stm32.11.3.rel1.win32_1.1.1.202309131626\tools\bin/../lib/gcc/arm-none-eabi/11.3.1/../../../../arm-none-eabi/include/c++/11.3.1/bits/basic_string.h:6194:5:std::__cxx11::basic_string<_CharT, _Traits, _Alloc> std::operator+(const _CharT*, std::__cxx11::basic_string<_CharT, _Traits, _Alloc>&&) [with _CharT = char; _Traits = std::char_traits<char>; _Alloc = std::allocator<char>]	24	static
C:\ST\STM32CubeIDE_1.13.2\STM32CubeIDE\plugins\com.st.stm32cube.ide.mcu.externaltools.gnu-tools-for-stm32.11.3.rel1.win32_1.1.1.202309131626\tools\bin/../lib/gcc/arm-none-eabi/11.3.1/../../../../arm-none-eabi/include/c++/11.3.1/bits/basic_string.h:6206:5:std::__cxx11::basic_string<_CharT, _Traits, _Alloc> std::operator+(std::__cxx11::basic_string<_CharT, _Traits, _Alloc>&&, const _CharT*) [with _CharT = char; _Traits = std::char_traits<char>; _Alloc = std::allocator<char>]	24	static
C:\ST\STM32CubeIDE_1.13.2\STM32CubeIDE\plugins\com.st.stm32cube.ide.mcu.externaltools.gnu-tools-for-stm32.11.3.rel1.win32_1.1.1.202309131626\tools\bin/../lib/gcc/arm-none-eabi/11.3.1/../../../../arm-none-eabi/include/c++/11.3.1/bits/move.h:104:5:constexpr typename std::remove_reference<_Tp>::type&& std::move(_Tp&&) [with _Tp = std::__cxx11::basic_string<char>&]	16	static
../Core/Src/mov_circular.cpp:172:1:void __static_initialization_and_destruction_0(int, int)	16	static
../Core/Src/mov_circular.cpp:172:1:cpp)	8	static
../Core/Src/mov_circular.cpp:172:1:cpp)	8	static
