C:\ST\STM32CubeIDE_1.13.2\STM32CubeIDE\plugins\com.st.stm32cube.ide.mcu.externaltools.gnu-tools-for-stm32.11.3.rel1.win32_1.1.1.202309131626\tools\bin/../lib/gcc/arm-none-eabi/11.3.1/../../../../arm-none-eabi/include/c++/11.3.1/bits/char_traits.h:393:7:static std::size_t std::char_traits<char>::length(const char_type*)	16	static
C:\ST\STM32CubeIDE_1.13.2\STM32CubeIDE\plugins\com.st.stm32cube.ide.mcu.externaltools.gnu-tools-for-stm32.11.3.rel1.win32_1.1.1.202309131626\tools\arm-none-eabi\include\c++\11.3.1\arm-none-eabi\thumb\v7e-m+dp\hard\bits\gthr-default.h:229:1:int __gthread_key_delete(__gthread_key_t)	16	static
../Core/Inc/navigate_robot.h:42:3:robot_position::robot_position(double, double, double, double, double, double)	64	static
../Core/Inc/navigate_robot.h:46:3:robot_position::robot_position()	16	static
../Core/Inc/navigate_robot.h:114:8:virtual void movement::draw(int)	16	static
../Core/Inc/navigate_robot.h:127:8:virtual void movement::prepare_task(std::shared_ptr<command>)	16	static
../Core/Inc/navigate_robot.h:128:8:virtual void movement::perform_task()	16	static
../Core/Inc/navigate_robot.h:134:8:virtual void mov_streight::draw(int)	16	static
../Core/Inc/navigate_robot.h:152:8:virtual void mov_circular::draw(int)	16	static
../Core/Src/navigate_robot.cpp:33:6:virtual void mov_streight::prepare_task(std::shared_ptr<command>)	16	static
../Core/Src/navigate_robot.cpp:36:6:virtual void mov_circular::prepare_task(std::shared_ptr<command>)	16	static
../Core/Src/navigate_robot.cpp:39:6:virtual void cmd_wait::prepare_task(std::shared_ptr<command>)	16	static
../Core/Src/navigate_robot.cpp:42:6:virtual void cmd_set_pin::prepare_task(std::shared_ptr<command>)	16	static
../Core/Src/navigate_robot.cpp:46:6:virtual void mov_streight::perform_task()	16	static
../Core/Src/navigate_robot.cpp:50:6:virtual void mov_circular::perform_task()	16	static
../Core/Src/navigate_robot.cpp:54:6:virtual void cmd_wait::perform_task()	16	static
../Core/Src/navigate_robot.cpp:58:6:virtual void cmd_set_pin::perform_task()	16	static
../Core/Inc/navigate_robot.h:79:7:constexpr command::command()	16	static
../Core/Src/navigate_robot.cpp:62:1:movement::movement(const movement&)	24	static
../Core/Src/navigate_robot.cpp:67:1:mov_streight::mov_streight(const mov_streight&)	16	static
../Core/Src/navigate_robot.cpp:70:1:mov_circular::mov_circular(const mov_circular&)	24	static
../Core/Src/navigate_robot.cpp:73:6:void mov_streight::update_command(mov_streight)	24	static
../Core/Inc/navigate_robot.h:79:7:constexpr command::command(const command&)	16	static
../Core/Src/navigate_robot.cpp:79:1:cmd_wait::cmd_wait(const cmd_wait&)	16	static
../Core/Src/navigate_robot.cpp:83:1:cmd_set_pin::cmd_set_pin(const cmd_set_pin&)	16	static
../Core/Src/navigate_robot.cpp:88:6:void mov_circular::update_command(mov_circular)	24	static
../Core/Src/navigate_robot.cpp:95:6:void cmd_wait::update_command(cmd_wait)	16	static
../Core/Src/navigate_robot.cpp:99:6:void cmd_set_pin::update_command(cmd_set_pin)	16	static
../Core/Src/navigate_robot.cpp:104:6:void movement::draw_movement(int, bool)	200	static
../Core/Src/navigate_robot.cpp:147:6:virtual void cmd_wait::draw(int)	120	static
../Core/Src/navigate_robot.cpp:174:1:movement::movement(robot_position, movement::e_speed, movement::e_movement_type)	24	static
../Core/Src/navigate_robot.cpp:178:1:movement::movement()	72	static
../Core/Src/navigate_robot.cpp:183:1:mov_streight::mov_streight(robot_position, movement::e_speed, movement::e_movement_type)	80	static
../Core/Src/navigate_robot.cpp:187:1:mov_streight::mov_streight(std::istringstream&)	32	static
../Core/Src/navigate_robot.cpp:246:1:mov_circular::mov_circular(std::istringstream&)	32	static
../Core/Src/navigate_robot.cpp:323:1:cmd_wait::cmd_wait(std::istringstream&)	32	static
../Core/Src/navigate_robot.cpp:357:1:cmd_set_pin::cmd_set_pin(std::istringstream&)	32	static
../Core/Src/navigate_robot.cpp:395:1:mov_circular::mov_circular(robot_position, robot_position, movement::e_speed, movement::e_movement_type)	80	static
../Core/Src/navigate_robot.cpp:401:1:cmd_wait::cmd_wait(cmd_wait::e_wait_time)	16	static
../Core/Src/navigate_robot.cpp:404:1:cmd_set_pin::cmd_set_pin(cmd_set_pin::e_output_pin, bool)	16	static
../Core/Src/navigate_robot.cpp:408:6:void mov_streight::update_command(robot_position, movement::e_speed, movement::e_movement_type)	24	static
../Core/Src/navigate_robot.cpp:415:6:void mov_circular::update_command(robot_position, robot_position, movement::e_speed, movement::e_movement_type)	24	static
../Core/Src/navigate_robot.cpp:424:6:void cmd_wait::update_command(cmd_wait::e_wait_time)	16	static
../Core/Src/navigate_robot.cpp:428:6:void cmd_set_pin::update_command(cmd_set_pin::e_output_pin, bool)	16	static
../Core/Src/navigate_robot.cpp:434:6:virtual void cmd_set_pin::draw(int)	168	static
../Core/Src/navigate_robot.cpp:459:13:std::string movement::get_speed_text()	32	static
../Core/Src/navigate_robot.cpp:470:13:std::string movement::get_movement_type_text()	24	static
../Core/Src/navigate_robot.cpp:479:13:std::string cmd_wait::get_time_text()	40	static
../Core/Src/navigate_robot.cpp:494:13:std::string cmd_set_pin::get_pin_output_text()	24	static
../Core/Src/navigate_robot.cpp:502:13:std::string cmd_set_pin::get_pin_level_text()	24	static
../Core/Src/navigate_robot.cpp:511:6:virtual void mov_streight::save_to_file(FIL&)	368	static
../Core/Src/navigate_robot.cpp:542:6:virtual void mov_circular::save_to_file(FIL&)	368	static
../Core/Src/navigate_robot.cpp:579:6:virtual void cmd_wait::save_to_file(FIL&)	88	static
../Core/Src/navigate_robot.cpp:612:6:virtual void cmd_set_pin::save_to_file(FIL&)	88	static
../Core/Src/navigate_robot.cpp:650:6:void kalibracja_robota(int*, int*, uint8_t*)	24	static
../Core/Src/navigate_robot.cpp:733:6:void licz_kroki(double*, int*, double*)	352	static
../Core/Src/navigate_robot.cpp:839:6:void simpleMoveMotor(GPIO_TypeDef*, uint16_t)	16	static
../Core/Src/navigate_robot.cpp:844:6:void moveMotorWithPosition(GPIO_TypeDef*, uint16_t, int*, int8_t)	24	static
../Core/Src/navigate_robot.cpp:851:6:void setDuration(GPIO_TypeDef*, uint16_t, int, int, int8_t*)	24	static
../Core/Src/navigate_robot.cpp:864:6:void handle_move_interrupt(int*, int*, int8_t*)	32	static
../Core/Src/navigate_robot.cpp:909:6:void handle_limit_switch_interrupt(uint16_t, uint8_t*, int*, int*)	24	static
../Core/Src/navigate_robot.cpp:937:16:robot_position get_current_position()	16	static
C:\ST\STM32CubeIDE_1.13.2\STM32CubeIDE\plugins\com.st.stm32cube.ide.mcu.externaltools.gnu-tools-for-stm32.11.3.rel1.win32_1.1.1.202309131626\tools\bin/../lib/gcc/arm-none-eabi/11.3.1/../../../../arm-none-eabi/include/c++/11.3.1/bits/basic_string.h:6194:5:std::__cxx11::basic_string<_CharT, _Traits, _Alloc> std::operator+(const _CharT*, std::__cxx11::basic_string<_CharT, _Traits, _Alloc>&&) [with _CharT = char; _Traits = std::char_traits<char>; _Alloc = std::allocator<char>]	24	static
C:\ST\STM32CubeIDE_1.13.2\STM32CubeIDE\plugins\com.st.stm32cube.ide.mcu.externaltools.gnu-tools-for-stm32.11.3.rel1.win32_1.1.1.202309131626\tools\arm-none-eabi\include\c++\11.3.1\bits\basic_string.tcc:1169:5:std::__cxx11::basic_string<_CharT, _Traits, _Alloc> std::operator+(const _CharT*, const std::__cxx11::basic_string<_CharT, _Traits, _Alloc>&) [with _CharT = char; _Traits = std::char_traits<char>; _Alloc = std::allocator<char>]	40	static
C:\ST\STM32CubeIDE_1.13.2\STM32CubeIDE\plugins\com.st.stm32cube.ide.mcu.externaltools.gnu-tools-for-stm32.11.3.rel1.win32_1.1.1.202309131626\tools\bin/../lib/gcc/arm-none-eabi/11.3.1/../../../../arm-none-eabi/include/c++/11.3.1/bits/basic_string.h:6206:5:std::__cxx11::basic_string<_CharT, _Traits, _Alloc> std::operator+(std::__cxx11::basic_string<_CharT, _Traits, _Alloc>&&, const _CharT*) [with _CharT = char; _Traits = std::char_traits<char>; _Alloc = std::allocator<char>]	24	static
C:\ST\STM32CubeIDE_1.13.2\STM32CubeIDE\plugins\com.st.stm32cube.ide.mcu.externaltools.gnu-tools-for-stm32.11.3.rel1.win32_1.1.1.202309131626\tools\bin/../lib/gcc/arm-none-eabi/11.3.1/../../../../arm-none-eabi/include/c++/11.3.1/bits/move.h:104:5:constexpr typename std::remove_reference<_Tp>::type&& std::move(_Tp&&) [with _Tp = std::__cxx11::basic_string<char>&]	16	static
C:\ST\STM32CubeIDE_1.13.2\STM32CubeIDE\plugins\com.st.stm32cube.ide.mcu.externaltools.gnu-tools-for-stm32.11.3.rel1.win32_1.1.1.202309131626\tools\bin/../lib/gcc/arm-none-eabi/11.3.1/../../../../arm-none-eabi/include/c++/11.3.1/ext/alloc_traits.h:97:29:static constexpr _Alloc __gnu_cxx::__alloc_traits<_Alloc, <template-parameter-1-2> >::_S_select_on_copy(const _Alloc&) [with _Alloc = std::allocator<char>; <template-parameter-1-2> = char]	16	static
C:\ST\STM32CubeIDE_1.13.2\STM32CubeIDE\plugins\com.st.stm32cube.ide.mcu.externaltools.gnu-tools-for-stm32.11.3.rel1.win32_1.1.1.202309131626\tools\bin/../lib/gcc/arm-none-eabi/11.3.1/../../../../arm-none-eabi/include/c++/11.3.1/bits/alloc_traits.h:562:7:static std::allocator_traits<std::allocator<_CharT> >::allocator_type std::allocator_traits<std::allocator<_CharT> >::select_on_container_copy_construction(const allocator_type&) [with _Tp = char]	16	static
../Core/Src/navigate_robot.cpp:946:1:void __static_initialization_and_destruction_0(int, int)	16	static
../Core/Src/navigate_robot.cpp:946:1:cpp)	8	static
../Core/Src/navigate_robot.cpp:946:1:cpp)	8	static
