C:\ST\STM32CubeIDE_1.13.2\STM32CubeIDE\plugins\com.st.stm32cube.ide.mcu.externaltools.gnu-tools-for-stm32.11.3.rel1.win32_1.1.1.202309131626\tools\arm-none-eabi\include\c++\11.3.1\arm-none-eabi\thumb\v7e-m+dp\hard\bits\gthr-default.h:229:1:int __gthread_key_delete(__gthread_key_t)	16	static
../Core/Inc/navigate_robot.h:44:3:robot_position::robot_position(double, double, double, double, double, double)	64	static
../Core/Src/navigate_robot.cpp:40:6:void kalibracja_robota(int*, int*, uint8_t*)	24	static
../Core/Src/navigate_robot.cpp:123:6:bool licz_kroki(double*, int*, double*)	352	static
../Core/Src/navigate_robot.cpp:233:6:void simpleMoveMotor(GPIO_TypeDef*, uint16_t)	16	static
../Core/Src/navigate_robot.cpp:238:6:void moveMotorWithPosition(GPIO_TypeDef*, uint16_t, int*, int8_t)	24	static
../Core/Src/navigate_robot.cpp:245:6:void setDuration(GPIO_TypeDef*, uint16_t, int, int, int8_t*)	24	static
../Core/Src/navigate_robot.cpp:260:6:void handle_move_interrupt(int*, int*, int8_t*)	32	static
../Core/Src/navigate_robot.cpp:317:6:void handle_limit_switch_interrupt(uint16_t, uint8_t*, int*, int*)	24	static
../Core/Src/navigate_robot.cpp:347:16:robot_position get_current_position()	16	static
../Core/Src/navigate_robot.cpp:350:1:void __static_initialization_and_destruction_0(int, int)	16	static
../Core/Src/navigate_robot.cpp:350:1:cpp)	8	static
../Core/Src/navigate_robot.cpp:350:1:cpp)	8	static
