C:\ST\STM32CubeIDE_1.13.2\STM32CubeIDE\plugins\com.st.stm32cube.ide.mcu.externaltools.gnu-tools-for-stm32.11.3.rel1.win32_1.1.1.202309131626\tools\bin/../lib/gcc/arm-none-eabi/11.3.1/../../../../arm-none-eabi/include/c++/11.3.1/bits/exception.h:64:5:std::exception::exception()	16	static
C:\ST\STM32CubeIDE_1.13.2\STM32CubeIDE\plugins\com.st.stm32cube.ide.mcu.externaltools.gnu-tools-for-stm32.11.3.rel1.win32_1.1.1.202309131626\tools\bin/../lib/gcc/arm-none-eabi/11.3.1/../../../../arm-none-eabi/include/c++/11.3.1/bits/char_traits.h:393:7:static std::size_t std::char_traits<char>::length(const char_type*)	16	static
C:\ST\STM32CubeIDE_1.13.2\STM32CubeIDE\plugins\com.st.stm32cube.ide.mcu.externaltools.gnu-tools-for-stm32.11.3.rel1.win32_1.1.1.202309131626\tools\arm-none-eabi\include\c++\11.3.1\arm-none-eabi\thumb\v7e-m+dp\hard\bits\gthr-default.h:229:1:int __gthread_key_delete(__gthread_key_t)	16	static
../Core/Inc/navigate_robot.h:45:3:robot_position::robot_position(double, double, double, double, double, double)	64	static
../Core/Inc/navigate_robot.h:49:3:robot_position::robot_position()	16	static
../Core/Inc/navigate_robot.h:93:33:virtual robot_position command::get_target_position()	24	static
../Core/Inc/navigate_robot.h:117:25:virtual robot_position movement::get_target_position()	24	static
../Core/Inc/navigate_robot.h:120:8:virtual void movement::draw(int)	16	static
../Core/Inc/navigate_robot.h:133:8:virtual void movement::prepare_task(std::vector<std::shared_ptr<command> >::iterator, int)	24	static
../Core/Inc/navigate_robot.h:134:8:virtual void movement::perform_task()	16	static
../Core/Inc/navigate_robot.h:155:8:virtual void mov_streight::draw(int)	16	static
../Core/Inc/navigate_robot.h:173:8:virtual void mov_circular::draw(int)	16	static
../Core/Src/navigate_robot.cpp:32:6:void mov_streight::update_vector(const robot_position&, const robot_position&)	24	static
../Core/Src/navigate_robot.cpp:42:23:robot_position mov_streight::calculate_offset_on_line()	24	static
C:\ST\STM32CubeIDE_1.13.2\STM32CubeIDE\plugins\com.st.stm32cube.ide.mcu.externaltools.gnu-tools-for-stm32.11.3.rel1.win32_1.1.1.202309131626\tools\bin/../lib/gcc/arm-none-eabi/11.3.1/../../../../arm-none-eabi/include/c++/11.3.1/cmath:415:5:constexpr typename __gnu_cxx::__promote_2<_Tp, _Up>::__type std::pow(_Tp, _Up) [with _Tp = double; _Up = int]	24	static
../Core/Src/navigate_robot.cpp:54:8:double mov_streight::calculate_distance(const robot_position&, const robot_position&)	32	static
../Core/Src/navigate_robot.cpp:59:8:double mov_streight::calculate_delta(double)	32	static
../Core/Src/navigate_robot.cpp:75:5:int mov_streight::count_segments(double)	32	static
../Core/Src/navigate_robot.cpp:92:6:void mov_streight::calculate_move_from_poin_to_target(robot_position)	16	static
../Core/Src/navigate_robot.cpp:102:6:virtual void mov_streight::prepare_task(std::vector<std::shared_ptr<command> >::iterator, int)	288	static
../Core/Src/navigate_robot.cpp:139:6:virtual void mov_circular::prepare_task(std::vector<std::shared_ptr<command> >::iterator, int)	24	static
../Core/Src/navigate_robot.cpp:161:6:virtual void cmd_wait::prepare_task(std::vector<std::shared_ptr<command> >::iterator, int)	32	static
../Core/Src/navigate_robot.cpp:186:6:virtual void cmd_set_pin::prepare_task(std::vector<std::shared_ptr<command> >::iterator, int)	24	static
../Core/Src/navigate_robot.cpp:193:6:virtual void mov_streight::perform_task()	72	static
../Core/Src/navigate_robot.cpp:211:6:virtual void mov_circular::perform_task()	16	static
../Core/Src/navigate_robot.cpp:215:6:virtual void cmd_wait::perform_task()	16	static
../Core/Src/navigate_robot.cpp:220:6:virtual void cmd_set_pin::perform_task()	16	static
../Core/Inc/navigate_robot.h:82:7:constexpr command::command()	16	static
../Core/Src/navigate_robot.cpp:234:1:movement::movement(const movement&)	24	static
../Core/Src/navigate_robot.cpp:239:1:mov_streight::mov_streight(const mov_streight&)	16	static
../Core/Src/navigate_robot.cpp:243:1:mov_circular::mov_circular(const mov_circular&)	24	static
../Core/Src/navigate_robot.cpp:247:6:void mov_streight::update_command(mov_streight)	24	static
../Core/Inc/navigate_robot.h:82:7:constexpr command::command(const command&)	16	static
../Core/Src/navigate_robot.cpp:253:1:cmd_wait::cmd_wait(const cmd_wait&)	16	static
../Core/Src/navigate_robot.cpp:257:1:cmd_set_pin::cmd_set_pin(const cmd_set_pin&)	16	static
../Core/Src/navigate_robot.cpp:262:6:void mov_circular::update_command(mov_circular)	24	static
../Core/Src/navigate_robot.cpp:269:6:void cmd_wait::update_command(cmd_wait)	16	static
../Core/Src/navigate_robot.cpp:273:6:void cmd_set_pin::update_command(cmd_set_pin)	16	static
../Core/Src/navigate_robot.cpp:278:6:void movement::draw_movement(int, bool)	200	static
../Core/Src/navigate_robot.cpp:320:6:virtual void cmd_wait::draw(int)	120	static
../Core/Src/navigate_robot.cpp:347:1:movement::movement(robot_position, movement::e_speed, movement::e_movement_type)	24	static
../Core/Src/navigate_robot.cpp:351:1:movement::movement()	72	static
../Core/Src/navigate_robot.cpp:356:1:mov_streight::mov_streight(robot_position, movement::e_speed, movement::e_movement_type)	80	static
../Core/Src/navigate_robot.cpp:360:1:mov_streight::mov_streight(std::istringstream&)	32	static
../Core/Src/navigate_robot.cpp:419:1:mov_circular::mov_circular(std::istringstream&)	32	static
../Core/Src/navigate_robot.cpp:496:1:cmd_wait::cmd_wait(std::istringstream&)	32	static
../Core/Src/navigate_robot.cpp:530:1:cmd_set_pin::cmd_set_pin(std::istringstream&)	32	static
../Core/Src/navigate_robot.cpp:568:1:mov_circular::mov_circular(robot_position, robot_position, movement::e_speed, movement::e_movement_type)	80	static
../Core/Src/navigate_robot.cpp:574:1:cmd_wait::cmd_wait(cmd_wait::e_wait_time)	16	static
../Core/Src/navigate_robot.cpp:577:1:cmd_set_pin::cmd_set_pin(cmd_set_pin::e_output_pin, bool)	16	static
../Core/Src/navigate_robot.cpp:581:6:void mov_streight::update_command(robot_position, movement::e_speed, movement::e_movement_type)	24	static
../Core/Src/navigate_robot.cpp:588:6:void mov_circular::update_command(robot_position, robot_position, movement::e_speed, movement::e_movement_type)	24	static
../Core/Src/navigate_robot.cpp:597:6:void cmd_wait::update_command(cmd_wait::e_wait_time)	16	static
../Core/Src/navigate_robot.cpp:601:6:void cmd_set_pin::update_command(cmd_set_pin::e_output_pin, bool)	16	static
../Core/Src/navigate_robot.cpp:607:6:virtual void cmd_set_pin::draw(int)	168	static
../Core/Src/navigate_robot.cpp:632:13:std::string movement::get_speed_text()	32	static
../Core/Src/navigate_robot.cpp:643:13:std::string movement::get_movement_type_text()	24	static
../Core/Src/navigate_robot.cpp:652:13:std::string cmd_wait::get_time_text()	40	static
../Core/Src/navigate_robot.cpp:667:13:std::string cmd_set_pin::get_pin_output_text()	24	static
../Core/Src/navigate_robot.cpp:675:13:std::string cmd_set_pin::get_pin_level_text()	24	static
../Core/Src/navigate_robot.cpp:683:6:virtual void mov_streight::save_to_file(FIL&)	368	static
../Core/Src/navigate_robot.cpp:715:6:virtual void mov_circular::save_to_file(FIL&)	368	static
../Core/Src/navigate_robot.cpp:753:6:virtual void cmd_wait::save_to_file(FIL&)	88	static
../Core/Src/navigate_robot.cpp:786:6:virtual void cmd_set_pin::save_to_file(FIL&)	88	static
../Core/Src/navigate_robot.cpp:824:6:void kalibracja_robota(int*, int*, uint8_t*)	24	static
../Core/Src/navigate_robot.cpp:907:6:bool licz_kroki(double*, int*, double*)	352	static
../Core/Src/navigate_robot.cpp:1014:6:void simpleMoveMotor(GPIO_TypeDef*, uint16_t)	16	static
../Core/Src/navigate_robot.cpp:1019:6:void moveMotorWithPosition(GPIO_TypeDef*, uint16_t, int*, int8_t)	24	static
../Core/Src/navigate_robot.cpp:1026:6:void setDuration(GPIO_TypeDef*, uint16_t, int, int, int8_t*)	24	static
../Core/Src/navigate_robot.cpp:1039:6:void handle_move_interrupt(int*, int*, int8_t*)	32	static
../Core/Src/navigate_robot.cpp:1096:6:void handle_limit_switch_interrupt(uint16_t, uint8_t*, int*, int*)	24	static
../Core/Src/navigate_robot.cpp:1125:16:robot_position get_current_position()	16	static
C:\ST\STM32CubeIDE_1.13.2\STM32CubeIDE\plugins\com.st.stm32cube.ide.mcu.externaltools.gnu-tools-for-stm32.11.3.rel1.win32_1.1.1.202309131626\tools\bin/../lib/gcc/arm-none-eabi/11.3.1/../../../../arm-none-eabi/include/c++/11.3.1/bits/basic_string.h:6194:5:std::__cxx11::basic_string<_CharT, _Traits, _Alloc> std::operator+(const _CharT*, std::__cxx11::basic_string<_CharT, _Traits, _Alloc>&&) [with _CharT = char; _Traits = std::char_traits<char>; _Alloc = std::allocator<char>]	24	static
C:\ST\STM32CubeIDE_1.13.2\STM32CubeIDE\plugins\com.st.stm32cube.ide.mcu.externaltools.gnu-tools-for-stm32.11.3.rel1.win32_1.1.1.202309131626\tools\bin/../lib/gcc/arm-none-eabi/11.3.1/../../../../arm-none-eabi/include/c++/11.3.1/bits/stl_iterator.h:1089:7:__gnu_cxx::__normal_iterator<_Iterator, _Container> __gnu_cxx::__normal_iterator<_Iterator, _Container>::operator+(__gnu_cxx::__normal_iterator<_Iterator, _Container>::difference_type) const [with _Iterator = std::shared_ptr<command>*; _Container = std::vector<std::shared_ptr<command> >]	24	static
C:\ST\STM32CubeIDE_1.13.2\STM32CubeIDE\plugins\com.st.stm32cube.ide.mcu.externaltools.gnu-tools-for-stm32.11.3.rel1.win32_1.1.1.202309131626\tools\bin/../lib/gcc/arm-none-eabi/11.3.1/../../../../arm-none-eabi/include/c++/11.3.1/bits/stl_iterator.h:1041:7:__gnu_cxx::__normal_iterator<_Iterator, _Container>::reference __gnu_cxx::__normal_iterator<_Iterator, _Container>::operator*() const [with _Iterator = std::shared_ptr<command>*; _Container = std::vector<std::shared_ptr<command> >]	16	static
C:\ST\STM32CubeIDE_1.13.2\STM32CubeIDE\plugins\com.st.stm32cube.ide.mcu.externaltools.gnu-tools-for-stm32.11.3.rel1.win32_1.1.1.202309131626\tools\arm-none-eabi\include\c++\11.3.1\bits\shared_ptr_base.h:984:7:std::__shared_ptr_access<_Tp, _Lp, <anonymous>, <anonymous> >::element_type* std::__shared_ptr_access<_Tp, _Lp, <anonymous>, <anonymous> >::operator->() const [with _Tp = command; __gnu_cxx::_Lock_policy _Lp = __gnu_cxx::_S_single; bool <anonymous> = false; bool <anonymous> = false]	16	static
C:\ST\STM32CubeIDE_1.13.2\STM32CubeIDE\plugins\com.st.stm32cube.ide.mcu.externaltools.gnu-tools-for-stm32.11.3.rel1.win32_1.1.1.202309131626\tools\arm-none-eabi\include\c++\11.3.1\bits\basic_string.tcc:1169:5:std::__cxx11::basic_string<_CharT, _Traits, _Alloc> std::operator+(const _CharT*, const std::__cxx11::basic_string<_CharT, _Traits, _Alloc>&) [with _CharT = char; _Traits = std::char_traits<char>; _Alloc = std::allocator<char>]	40	static
C:\ST\STM32CubeIDE_1.13.2\STM32CubeIDE\plugins\com.st.stm32cube.ide.mcu.externaltools.gnu-tools-for-stm32.11.3.rel1.win32_1.1.1.202309131626\tools\bin/../lib/gcc/arm-none-eabi/11.3.1/../../../../arm-none-eabi/include/c++/11.3.1/bits/basic_string.h:6206:5:std::__cxx11::basic_string<_CharT, _Traits, _Alloc> std::operator+(std::__cxx11::basic_string<_CharT, _Traits, _Alloc>&&, const _CharT*) [with _CharT = char; _Traits = std::char_traits<char>; _Alloc = std::allocator<char>]	24	static
C:\ST\STM32CubeIDE_1.13.2\STM32CubeIDE\plugins\com.st.stm32cube.ide.mcu.externaltools.gnu-tools-for-stm32.11.3.rel1.win32_1.1.1.202309131626\tools\bin/../lib/gcc/arm-none-eabi/11.3.1/../../../../arm-none-eabi/include/c++/11.3.1/bits/move.h:104:5:constexpr typename std::remove_reference<_Tp>::type&& std::move(_Tp&&) [with _Tp = std::__cxx11::basic_string<char>&]	16	static
C:\ST\STM32CubeIDE_1.13.2\STM32CubeIDE\plugins\com.st.stm32cube.ide.mcu.externaltools.gnu-tools-for-stm32.11.3.rel1.win32_1.1.1.202309131626\tools\bin/../lib/gcc/arm-none-eabi/11.3.1/../../../../arm-none-eabi/include/c++/11.3.1/ext/alloc_traits.h:97:29:static constexpr _Alloc __gnu_cxx::__alloc_traits<_Alloc, <template-parameter-1-2> >::_S_select_on_copy(const _Alloc&) [with _Alloc = std::allocator<char>; <template-parameter-1-2> = char]	16	static
C:\ST\STM32CubeIDE_1.13.2\STM32CubeIDE\plugins\com.st.stm32cube.ide.mcu.externaltools.gnu-tools-for-stm32.11.3.rel1.win32_1.1.1.202309131626\tools\bin/../lib/gcc/arm-none-eabi/11.3.1/../../../../arm-none-eabi/include/c++/11.3.1/bits/stl_iterator.h:1026:7:__gnu_cxx::__normal_iterator<_Iterator, _Container>::__normal_iterator(const _Iterator&) [with _Iterator = std::shared_ptr<command>*; _Container = std::vector<std::shared_ptr<command> >]	16	static
C:\ST\STM32CubeIDE_1.13.2\STM32CubeIDE\plugins\com.st.stm32cube.ide.mcu.externaltools.gnu-tools-for-stm32.11.3.rel1.win32_1.1.1.202309131626\tools\arm-none-eabi\include\c++\11.3.1\bits\shared_ptr_base.h:992:7:std::__shared_ptr_access<_Tp, _Lp, <anonymous>, <anonymous> >::element_type* std::__shared_ptr_access<_Tp, _Lp, <anonymous>, <anonymous> >::_M_get() const [with _Tp = command; __gnu_cxx::_Lock_policy _Lp = __gnu_cxx::_S_single; bool <anonymous> = false; bool <anonymous> = false]	16	static
C:\ST\STM32CubeIDE_1.13.2\STM32CubeIDE\plugins\com.st.stm32cube.ide.mcu.externaltools.gnu-tools-for-stm32.11.3.rel1.win32_1.1.1.202309131626\tools\bin/../lib/gcc/arm-none-eabi/11.3.1/../../../../arm-none-eabi/include/c++/11.3.1/bits/alloc_traits.h:562:7:static std::allocator_traits<std::allocator<_CharT> >::allocator_type std::allocator_traits<std::allocator<_CharT> >::select_on_container_copy_construction(const allocator_type&) [with _Tp = char]	16	static
C:\ST\STM32CubeIDE_1.13.2\STM32CubeIDE\plugins\com.st.stm32cube.ide.mcu.externaltools.gnu-tools-for-stm32.11.3.rel1.win32_1.1.1.202309131626\tools\arm-none-eabi\include\c++\11.3.1\bits\shared_ptr_base.h:1295:7:std::__shared_ptr<_Tp, _Lp>::element_type* std::__shared_ptr<_Tp, _Lp>::get() const [with _Tp = command; __gnu_cxx::_Lock_policy _Lp = __gnu_cxx::_S_single]	16	static
../Core/Src/navigate_robot.cpp:1128:1:void __static_initialization_and_destruction_0(int, int)	16	static
../Core/Src/navigate_robot.cpp:1128:1:cpp)	8	static
../Core/Src/navigate_robot.cpp:1128:1:cpp)	8	static
